Archive member included to satisfy reference by file (symbol)

c:/st/stm32cubeide_1.5.0/stm32cubeide/plugins/com.st.stm32cube.ide.mcu.externaltools.gnu-tools-for-stm32.9-2020-q2-update.win32_1.5.0.202011040924/tools/bin/../lib/gcc/arm-none-eabi/9.3.1/../../../../arm-none-eabi/lib/thumb/v7e-m+fp/hard\libc_nano.a(lib_a-errno.o)
                              Src/syscalls.o (__errno)
c:/st/stm32cubeide_1.5.0/stm32cubeide/plugins/com.st.stm32cube.ide.mcu.externaltools.gnu-tools-for-stm32.9-2020-q2-update.win32_1.5.0.202011040924/tools/bin/../lib/gcc/arm-none-eabi/9.3.1/../../../../arm-none-eabi/lib/thumb/v7e-m+fp/hard\libc_nano.a(lib_a-exit.o)
                              c:/st/stm32cubeide_1.5.0/stm32cubeide/plugins/com.st.stm32cube.ide.mcu.externaltools.gnu-tools-for-stm32.9-2020-q2-update.win32_1.5.0.202011040924/tools/bin/../lib/gcc/arm-none-eabi/9.3.1/../../../../arm-none-eabi/lib/thumb/v7e-m+fp/hard/crt0.o (exit)
c:/st/stm32cubeide_1.5.0/stm32cubeide/plugins/com.st.stm32cube.ide.mcu.externaltools.gnu-tools-for-stm32.9-2020-q2-update.win32_1.5.0.202011040924/tools/bin/../lib/gcc/arm-none-eabi/9.3.1/../../../../arm-none-eabi/lib/thumb/v7e-m+fp/hard\libc_nano.a(lib_a-impure.o)
                              c:/st/stm32cubeide_1.5.0/stm32cubeide/plugins/com.st.stm32cube.ide.mcu.externaltools.gnu-tools-for-stm32.9-2020-q2-update.win32_1.5.0.202011040924/tools/bin/../lib/gcc/arm-none-eabi/9.3.1/../../../../arm-none-eabi/lib/thumb/v7e-m+fp/hard\libc_nano.a(lib_a-exit.o) (_global_impure_ptr)
c:/st/stm32cubeide_1.5.0/stm32cubeide/plugins/com.st.stm32cube.ide.mcu.externaltools.gnu-tools-for-stm32.9-2020-q2-update.win32_1.5.0.202011040924/tools/bin/../lib/gcc/arm-none-eabi/9.3.1/../../../../arm-none-eabi/lib/thumb/v7e-m+fp/hard\libc_nano.a(lib_a-init.o)
                              c:/st/stm32cubeide_1.5.0/stm32cubeide/plugins/com.st.stm32cube.ide.mcu.externaltools.gnu-tools-for-stm32.9-2020-q2-update.win32_1.5.0.202011040924/tools/bin/../lib/gcc/arm-none-eabi/9.3.1/../../../../arm-none-eabi/lib/thumb/v7e-m+fp/hard/crt0.o (__libc_init_array)
c:/st/stm32cubeide_1.5.0/stm32cubeide/plugins/com.st.stm32cube.ide.mcu.externaltools.gnu-tools-for-stm32.9-2020-q2-update.win32_1.5.0.202011040924/tools/bin/../lib/gcc/arm-none-eabi/9.3.1/../../../../arm-none-eabi/lib/thumb/v7e-m+fp/hard\libc_nano.a(lib_a-memset.o)
                              c:/st/stm32cubeide_1.5.0/stm32cubeide/plugins/com.st.stm32cube.ide.mcu.externaltools.gnu-tools-for-stm32.9-2020-q2-update.win32_1.5.0.202011040924/tools/bin/../lib/gcc/arm-none-eabi/9.3.1/../../../../arm-none-eabi/lib/thumb/v7e-m+fp/hard/crt0.o (memset)
c:/st/stm32cubeide_1.5.0/stm32cubeide/plugins/com.st.stm32cube.ide.mcu.externaltools.gnu-tools-for-stm32.9-2020-q2-update.win32_1.5.0.202011040924/tools/bin/../lib/gcc/arm-none-eabi/9.3.1/../../../../arm-none-eabi/lib/thumb/v7e-m+fp/hard\libc_nano.a(lib_a-strlen.o)
                              Src/015UART_tx.o (strlen)

Allocating common symbols
Common symbol       size              file

usart2              0x24              Src/015UART_tx.o

Discarded input sections

 .text          0x0000000000000000        0x0 c:/st/stm32cubeide_1.5.0/stm32cubeide/plugins/com.st.stm32cube.ide.mcu.externaltools.gnu-tools-for-stm32.9-2020-q2-update.win32_1.5.0.202011040924/tools/bin/../lib/gcc/arm-none-eabi/9.3.1/thumb/v7e-m+fp/hard/crti.o
 .data          0x0000000000000000        0x0 c:/st/stm32cubeide_1.5.0/stm32cubeide/plugins/com.st.stm32cube.ide.mcu.externaltools.gnu-tools-for-stm32.9-2020-q2-update.win32_1.5.0.202011040924/tools/bin/../lib/gcc/arm-none-eabi/9.3.1/thumb/v7e-m+fp/hard/crti.o
 .bss           0x0000000000000000        0x0 c:/st/stm32cubeide_1.5.0/stm32cubeide/plugins/com.st.stm32cube.ide.mcu.externaltools.gnu-tools-for-stm32.9-2020-q2-update.win32_1.5.0.202011040924/tools/bin/../lib/gcc/arm-none-eabi/9.3.1/thumb/v7e-m+fp/hard/crti.o
 .data          0x0000000000000000        0x4 c:/st/stm32cubeide_1.5.0/stm32cubeide/plugins/com.st.stm32cube.ide.mcu.externaltools.gnu-tools-for-stm32.9-2020-q2-update.win32_1.5.0.202011040924/tools/bin/../lib/gcc/arm-none-eabi/9.3.1/thumb/v7e-m+fp/hard/crtbegin.o
 .text          0x0000000000000000       0x7c c:/st/stm32cubeide_1.5.0/stm32cubeide/plugins/com.st.stm32cube.ide.mcu.externaltools.gnu-tools-for-stm32.9-2020-q2-update.win32_1.5.0.202011040924/tools/bin/../lib/gcc/arm-none-eabi/9.3.1/../../../../arm-none-eabi/lib/thumb/v7e-m+fp/hard/crt0.o
 .data          0x0000000000000000        0x0 c:/st/stm32cubeide_1.5.0/stm32cubeide/plugins/com.st.stm32cube.ide.mcu.externaltools.gnu-tools-for-stm32.9-2020-q2-update.win32_1.5.0.202011040924/tools/bin/../lib/gcc/arm-none-eabi/9.3.1/../../../../arm-none-eabi/lib/thumb/v7e-m+fp/hard/crt0.o
 .bss           0x0000000000000000        0x0 c:/st/stm32cubeide_1.5.0/stm32cubeide/plugins/com.st.stm32cube.ide.mcu.externaltools.gnu-tools-for-stm32.9-2020-q2-update.win32_1.5.0.202011040924/tools/bin/../lib/gcc/arm-none-eabi/9.3.1/../../../../arm-none-eabi/lib/thumb/v7e-m+fp/hard/crt0.o
 .ARM.extab     0x0000000000000000        0x0 c:/st/stm32cubeide_1.5.0/stm32cubeide/plugins/com.st.stm32cube.ide.mcu.externaltools.gnu-tools-for-stm32.9-2020-q2-update.win32_1.5.0.202011040924/tools/bin/../lib/gcc/arm-none-eabi/9.3.1/../../../../arm-none-eabi/lib/thumb/v7e-m+fp/hard/crt0.o
 .ARM.exidx     0x0000000000000000       0x10 c:/st/stm32cubeide_1.5.0/stm32cubeide/plugins/com.st.stm32cube.ide.mcu.externaltools.gnu-tools-for-stm32.9-2020-q2-update.win32_1.5.0.202011040924/tools/bin/../lib/gcc/arm-none-eabi/9.3.1/../../../../arm-none-eabi/lib/thumb/v7e-m+fp/hard/crt0.o
 .ARM.attributes
                0x0000000000000000       0x1c c:/st/stm32cubeide_1.5.0/stm32cubeide/plugins/com.st.stm32cube.ide.mcu.externaltools.gnu-tools-for-stm32.9-2020-q2-update.win32_1.5.0.202011040924/tools/bin/../lib/gcc/arm-none-eabi/9.3.1/../../../../arm-none-eabi/lib/thumb/v7e-m+fp/hard/crt0.o
 .group         0x0000000000000000        0xc Drivers/Src/stm32f407xx.o
 .group         0x0000000000000000        0xc Drivers/Src/stm32f407xx.o
 .group         0x0000000000000000        0xc Drivers/Src/stm32f407xx.o
 .group         0x0000000000000000        0xc Drivers/Src/stm32f407xx.o
 .group         0x0000000000000000        0xc Drivers/Src/stm32f407xx.o
 .group         0x0000000000000000        0xc Drivers/Src/stm32f407xx.o
 .group         0x0000000000000000        0xc Drivers/Src/stm32f407xx.o
 .group         0x0000000000000000        0xc Drivers/Src/stm32f407xx.o
 .group         0x0000000000000000        0xc Drivers/Src/stm32f407xx.o
 .group         0x0000000000000000        0xc Drivers/Src/stm32f407xx.o
 .text          0x0000000000000000        0x0 Drivers/Src/stm32f407xx.o
 .data          0x0000000000000000        0x0 Drivers/Src/stm32f407xx.o
 .bss           0x0000000000000000        0x0 Drivers/Src/stm32f407xx.o
 .data.pGPIOA   0x0000000000000000        0x4 Drivers/Src/stm32f407xx.o
 .data.pGPIOB   0x0000000000000000        0x4 Drivers/Src/stm32f407xx.o
 .data.pGPIOC   0x0000000000000000        0x4 Drivers/Src/stm32f407xx.o
 .data.pGPIOD   0x0000000000000000        0x4 Drivers/Src/stm32f407xx.o
 .data.pGPIOE   0x0000000000000000        0x4 Drivers/Src/stm32f407xx.o
 .data.pGPIOF   0x0000000000000000        0x4 Drivers/Src/stm32f407xx.o
 .data.pGPIOG   0x0000000000000000        0x4 Drivers/Src/stm32f407xx.o
 .data.pGPIOH   0x0000000000000000        0x4 Drivers/Src/stm32f407xx.o
 .data.pGPIOI   0x0000000000000000        0x4 Drivers/Src/stm32f407xx.o
 .group         0x0000000000000000        0xc Drivers/Src/stm32f407xx_gpio_driver.o
 .group         0x0000000000000000        0xc Drivers/Src/stm32f407xx_gpio_driver.o
 .group         0x0000000000000000        0xc Drivers/Src/stm32f407xx_gpio_driver.o
 .group         0x0000000000000000        0xc Drivers/Src/stm32f407xx_gpio_driver.o
 .group         0x0000000000000000        0xc Drivers/Src/stm32f407xx_gpio_driver.o
 .group         0x0000000000000000        0xc Drivers/Src/stm32f407xx_gpio_driver.o
 .group         0x0000000000000000        0xc Drivers/Src/stm32f407xx_gpio_driver.o
 .group         0x0000000000000000        0xc Drivers/Src/stm32f407xx_gpio_driver.o
 .group         0x0000000000000000        0xc Drivers/Src/stm32f407xx_gpio_driver.o
 .group         0x0000000000000000        0xc Drivers/Src/stm32f407xx_gpio_driver.o
 .group         0x0000000000000000        0xc Drivers/Src/stm32f407xx_gpio_driver.o
 .text          0x0000000000000000        0x0 Drivers/Src/stm32f407xx_gpio_driver.o
 .data          0x0000000000000000        0x0 Drivers/Src/stm32f407xx_gpio_driver.o
 .bss           0x0000000000000000        0x0 Drivers/Src/stm32f407xx_gpio_driver.o
 .text.GPIO_DeInit
                0x0000000000000000      0x1b4 Drivers/Src/stm32f407xx_gpio_driver.o
 .text.GPIO_ReadFromInputPort
                0x0000000000000000       0x1c Drivers/Src/stm32f407xx_gpio_driver.o
 .text.GPIO_ReadFromInputPin
                0x0000000000000000       0x2c Drivers/Src/stm32f407xx_gpio_driver.o
 .text.GPIO_WriteToOutputPort
                0x0000000000000000       0x1e Drivers/Src/stm32f407xx_gpio_driver.o
 .text.GPIO_WriteToOutputPin
                0x0000000000000000       0x4a Drivers/Src/stm32f407xx_gpio_driver.o
 .text.GPIO_ToggleOutputPin
                0x0000000000000000       0x2a Drivers/Src/stm32f407xx_gpio_driver.o
 .text.GPIO_IRQITConfig
                0x0000000000000000      0x10c Drivers/Src/stm32f407xx_gpio_driver.o
 .text.GPIO_IRQPriorityConfig
                0x0000000000000000       0x54 Drivers/Src/stm32f407xx_gpio_driver.o
 .text.GPIO_IRQHandling
                0x0000000000000000       0x40 Drivers/Src/stm32f407xx_gpio_driver.o
 .debug_macro   0x0000000000000000      0xab4 Drivers/Src/stm32f407xx_gpio_driver.o
 .debug_macro   0x0000000000000000       0x22 Drivers/Src/stm32f407xx_gpio_driver.o
 .debug_macro   0x0000000000000000       0x8e Drivers/Src/stm32f407xx_gpio_driver.o
 .debug_macro   0x0000000000000000       0x51 Drivers/Src/stm32f407xx_gpio_driver.o
 .debug_macro   0x0000000000000000      0x103 Drivers/Src/stm32f407xx_gpio_driver.o
 .debug_macro   0x0000000000000000       0x6a Drivers/Src/stm32f407xx_gpio_driver.o
 .debug_macro   0x0000000000000000      0x1df Drivers/Src/stm32f407xx_gpio_driver.o
 .debug_macro   0x0000000000000000      0x174 Drivers/Src/stm32f407xx_gpio_driver.o
 .debug_macro   0x0000000000000000       0x10 Drivers/Src/stm32f407xx_gpio_driver.o
 .debug_macro   0x0000000000000000      0x6ad Drivers/Src/stm32f407xx_gpio_driver.o
 .group         0x0000000000000000        0xc Drivers/Src/stm32f407xx_i2c_driver.o
 .group         0x0000000000000000        0xc Drivers/Src/stm32f407xx_i2c_driver.o
 .group         0x0000000000000000        0xc Drivers/Src/stm32f407xx_i2c_driver.o
 .group         0x0000000000000000        0xc Drivers/Src/stm32f407xx_i2c_driver.o
 .group         0x0000000000000000        0xc Drivers/Src/stm32f407xx_i2c_driver.o
 .group         0x0000000000000000        0xc Drivers/Src/stm32f407xx_i2c_driver.o
 .group         0x0000000000000000        0xc Drivers/Src/stm32f407xx_i2c_driver.o
 .group         0x0000000000000000        0xc Drivers/Src/stm32f407xx_i2c_driver.o
 .group         0x0000000000000000        0xc Drivers/Src/stm32f407xx_i2c_driver.o
 .group         0x0000000000000000        0xc Drivers/Src/stm32f407xx_i2c_driver.o
 .group         0x0000000000000000        0xc Drivers/Src/stm32f407xx_i2c_driver.o
 .text          0x0000000000000000        0x0 Drivers/Src/stm32f407xx_i2c_driver.o
 .data          0x0000000000000000        0x0 Drivers/Src/stm32f407xx_i2c_driver.o
 .bss           0x0000000000000000        0x0 Drivers/Src/stm32f407xx_i2c_driver.o
 .text.I2C_PeriClockControl
                0x0000000000000000       0x7c Drivers/Src/stm32f407xx_i2c_driver.o
 .text.I2C_Init
                0x0000000000000000      0x160 Drivers/Src/stm32f407xx_i2c_driver.o
 .text.I2C_PeripheralControl
                0x0000000000000000       0x38 Drivers/Src/stm32f407xx_i2c_driver.o
 .text.I2C_GenerateStartCondition
                0x0000000000000000       0x20 Drivers/Src/stm32f407xx_i2c_driver.o
 .text.I2C_GenerateStopCondition
                0x0000000000000000       0x20 Drivers/Src/stm32f407xx_i2c_driver.o
 .text.I2C_SlaveEnableDisableCallbackEvents
                0x0000000000000000       0x68 Drivers/Src/stm32f407xx_i2c_driver.o
 .text.I2C_ExecuteAddressPhaseWrite
                0x0000000000000000       0x2c Drivers/Src/stm32f407xx_i2c_driver.o
 .text.I2C_ExecuteAddressPhaseRead
                0x0000000000000000       0x2c Drivers/Src/stm32f407xx_i2c_driver.o
 .text.I2C_GetFlagStatus
                0x0000000000000000       0x28 Drivers/Src/stm32f407xx_i2c_driver.o
 .text.I2C_ClearADDRFlag
                0x0000000000000000       0x5c Drivers/Src/stm32f407xx_i2c_driver.o
 .text.I2C_ManageAcking
                0x0000000000000000       0x38 Drivers/Src/stm32f407xx_i2c_driver.o
 .text.I2C_MasterSendData
                0x0000000000000000       0xc6 Drivers/Src/stm32f407xx_i2c_driver.o
 .text.I2C_MasterReceiveData
                0x0000000000000000      0x10c Drivers/Src/stm32f407xx_i2c_driver.o
 .text.I2C_SlaveSendData
                0x0000000000000000       0x1e Drivers/Src/stm32f407xx_i2c_driver.o
 .text.I2C_SlaveReceiveData
                0x0000000000000000       0x1a Drivers/Src/stm32f407xx_i2c_driver.o
 .text.I2C_IRQInterruptConfig
                0x0000000000000000      0x10c Drivers/Src/stm32f407xx_i2c_driver.o
 .text.I2C_IRQPriorityConfig
                0x0000000000000000       0x54 Drivers/Src/stm32f407xx_i2c_driver.o
 .text.I2C_MasterSendDataIT
                0x0000000000000000       0x86 Drivers/Src/stm32f407xx_i2c_driver.o
 .text.I2C_MasterReceiveDataIT
                0x0000000000000000       0x82 Drivers/Src/stm32f407xx_i2c_driver.o
 .text.I2C_MasterHandleTXEInterrupt
                0x0000000000000000       0x3c Drivers/Src/stm32f407xx_i2c_driver.o
 .text.I2C_MasterHandleRXNEInterrupt
                0x0000000000000000       0x98 Drivers/Src/stm32f407xx_i2c_driver.o
 .text.I2C_EV_IRQHandling
                0x0000000000000000      0x1b8 Drivers/Src/stm32f407xx_i2c_driver.o
 .text.I2C_ER_IRQHandling
                0x0000000000000000      0x10c Drivers/Src/stm32f407xx_i2c_driver.o
 .text.I2C_CloseReceiveData
                0x0000000000000000       0x54 Drivers/Src/stm32f407xx_i2c_driver.o
 .text.I2C_CloseSendData
                0x0000000000000000       0x46 Drivers/Src/stm32f407xx_i2c_driver.o
 .debug_info    0x0000000000000000      0xba3 Drivers/Src/stm32f407xx_i2c_driver.o
 .debug_abbrev  0x0000000000000000      0x281 Drivers/Src/stm32f407xx_i2c_driver.o
 .debug_aranges
                0x0000000000000000       0xe0 Drivers/Src/stm32f407xx_i2c_driver.o
 .debug_ranges  0x0000000000000000       0xd0 Drivers/Src/stm32f407xx_i2c_driver.o
 .debug_macro   0x0000000000000000       0x9d Drivers/Src/stm32f407xx_i2c_driver.o
 .debug_macro   0x0000000000000000      0xab4 Drivers/Src/stm32f407xx_i2c_driver.o
 .debug_macro   0x0000000000000000       0x22 Drivers/Src/stm32f407xx_i2c_driver.o
 .debug_macro   0x0000000000000000       0x8e Drivers/Src/stm32f407xx_i2c_driver.o
 .debug_macro   0x0000000000000000       0x51 Drivers/Src/stm32f407xx_i2c_driver.o
 .debug_macro   0x0000000000000000      0x103 Drivers/Src/stm32f407xx_i2c_driver.o
 .debug_macro   0x0000000000000000       0x6a Drivers/Src/stm32f407xx_i2c_driver.o
 .debug_macro   0x0000000000000000      0x1df Drivers/Src/stm32f407xx_i2c_driver.o
 .debug_macro   0x0000000000000000      0x174 Drivers/Src/stm32f407xx_i2c_driver.o
 .debug_macro   0x0000000000000000       0x10 Drivers/Src/stm32f407xx_i2c_driver.o
 .debug_macro   0x0000000000000000      0x6ad Drivers/Src/stm32f407xx_i2c_driver.o
 .debug_macro   0x0000000000000000       0xd0 Drivers/Src/stm32f407xx_i2c_driver.o
 .debug_line    0x0000000000000000      0xc31 Drivers/Src/stm32f407xx_i2c_driver.o
 .debug_str     0x0000000000000000     0x670d Drivers/Src/stm32f407xx_i2c_driver.o
 .comment       0x0000000000000000       0x54 Drivers/Src/stm32f407xx_i2c_driver.o
 .debug_frame   0x0000000000000000      0x3d0 Drivers/Src/stm32f407xx_i2c_driver.o
 .ARM.attributes
                0x0000000000000000       0x34 Drivers/Src/stm32f407xx_i2c_driver.o
 .group         0x0000000000000000        0xc Drivers/Src/stm32f407xx_rcc_driver.o
 .group         0x0000000000000000        0xc Drivers/Src/stm32f407xx_rcc_driver.o
 .group         0x0000000000000000        0xc Drivers/Src/stm32f407xx_rcc_driver.o
 .group         0x0000000000000000        0xc Drivers/Src/stm32f407xx_rcc_driver.o
 .group         0x0000000000000000        0xc Drivers/Src/stm32f407xx_rcc_driver.o
 .group         0x0000000000000000        0xc Drivers/Src/stm32f407xx_rcc_driver.o
 .group         0x0000000000000000        0xc Drivers/Src/stm32f407xx_rcc_driver.o
 .group         0x0000000000000000        0xc Drivers/Src/stm32f407xx_rcc_driver.o
 .group         0x0000000000000000        0xc Drivers/Src/stm32f407xx_rcc_driver.o
 .group         0x0000000000000000        0xc Drivers/Src/stm32f407xx_rcc_driver.o
 .text          0x0000000000000000        0x0 Drivers/Src/stm32f407xx_rcc_driver.o
 .data          0x0000000000000000        0x0 Drivers/Src/stm32f407xx_rcc_driver.o
 .bss           0x0000000000000000        0x0 Drivers/Src/stm32f407xx_rcc_driver.o
 .debug_macro   0x0000000000000000      0xab4 Drivers/Src/stm32f407xx_rcc_driver.o
 .debug_macro   0x0000000000000000       0x22 Drivers/Src/stm32f407xx_rcc_driver.o
 .debug_macro   0x0000000000000000       0x8e Drivers/Src/stm32f407xx_rcc_driver.o
 .debug_macro   0x0000000000000000       0x51 Drivers/Src/stm32f407xx_rcc_driver.o
 .debug_macro   0x0000000000000000      0x103 Drivers/Src/stm32f407xx_rcc_driver.o
 .debug_macro   0x0000000000000000       0x6a Drivers/Src/stm32f407xx_rcc_driver.o
 .debug_macro   0x0000000000000000      0x1df Drivers/Src/stm32f407xx_rcc_driver.o
 .debug_macro   0x0000000000000000      0x174 Drivers/Src/stm32f407xx_rcc_driver.o
 .debug_macro   0x0000000000000000       0x10 Drivers/Src/stm32f407xx_rcc_driver.o
 .debug_macro   0x0000000000000000      0x6ad Drivers/Src/stm32f407xx_rcc_driver.o
 .group         0x0000000000000000        0xc Drivers/Src/stm32f407xx_spi_driver.o
 .group         0x0000000000000000        0xc Drivers/Src/stm32f407xx_spi_driver.o
 .group         0x0000000000000000        0xc Drivers/Src/stm32f407xx_spi_driver.o
 .group         0x0000000000000000        0xc Drivers/Src/stm32f407xx_spi_driver.o
 .group         0x0000000000000000        0xc Drivers/Src/stm32f407xx_spi_driver.o
 .group         0x0000000000000000        0xc Drivers/Src/stm32f407xx_spi_driver.o
 .group         0x0000000000000000        0xc Drivers/Src/stm32f407xx_spi_driver.o
 .group         0x0000000000000000        0xc Drivers/Src/stm32f407xx_spi_driver.o
 .group         0x0000000000000000        0xc Drivers/Src/stm32f407xx_spi_driver.o
 .group         0x0000000000000000        0xc Drivers/Src/stm32f407xx_spi_driver.o
 .group         0x0000000000000000        0xc Drivers/Src/stm32f407xx_spi_driver.o
 .text          0x0000000000000000        0x0 Drivers/Src/stm32f407xx_spi_driver.o
 .data          0x0000000000000000        0x0 Drivers/Src/stm32f407xx_spi_driver.o
 .bss           0x0000000000000000        0x0 Drivers/Src/stm32f407xx_spi_driver.o
 .text.SPI_PeriClockControl
                0x0000000000000000       0xc0 Drivers/Src/stm32f407xx_spi_driver.o
 .text.SPI_Init
                0x0000000000000000       0xb6 Drivers/Src/stm32f407xx_spi_driver.o
 .text.SPI_GetFlagStatus
                0x0000000000000000       0x28 Drivers/Src/stm32f407xx_spi_driver.o
 .text.SPI_SendData
                0x0000000000000000       0x6e Drivers/Src/stm32f407xx_spi_driver.o
 .text.SPI_ReceiveData
                0x0000000000000000       0x6e Drivers/Src/stm32f407xx_spi_driver.o
 .text.SPI_SendDataIT
                0x0000000000000000       0x48 Drivers/Src/stm32f407xx_spi_driver.o
 .text.SPI_ReceiveDataIT
                0x0000000000000000       0x48 Drivers/Src/stm32f407xx_spi_driver.o
 .text.SPI_IRQHandling
                0x0000000000000000       0x9a Drivers/Src/stm32f407xx_spi_driver.o
 .text.SPI_TXE_InterruptHandle
                0x0000000000000000       0x80 Drivers/Src/stm32f407xx_spi_driver.o
 .text.SPI_RXNE_InterruptHandle
                0x0000000000000000       0x84 Drivers/Src/stm32f407xx_spi_driver.o
 .text.SPI_OVRERR_InterruptHandle
                0x0000000000000000       0x30 Drivers/Src/stm32f407xx_spi_driver.o
 .text.SPI_PeripheralControl
                0x0000000000000000       0x38 Drivers/Src/stm32f407xx_spi_driver.o
 .text.SPI_SSIConfig
                0x0000000000000000       0x38 Drivers/Src/stm32f407xx_spi_driver.o
 .text.SPI_SSOEConfig
                0x0000000000000000       0x38 Drivers/Src/stm32f407xx_spi_driver.o
 .text.SPI_IRQInterruptConfig
                0x0000000000000000      0x10c Drivers/Src/stm32f407xx_spi_driver.o
 .text.SPI_IRQPriorityConfig
                0x0000000000000000       0x54 Drivers/Src/stm32f407xx_spi_driver.o
 .text.SPI_CloseTransmission
                0x0000000000000000       0x36 Drivers/Src/stm32f407xx_spi_driver.o
 .text.SPI_CloseReception
                0x0000000000000000       0x36 Drivers/Src/stm32f407xx_spi_driver.o
 .text.SPI_ClearOVRFlag
                0x0000000000000000       0x20 Drivers/Src/stm32f407xx_spi_driver.o
 .text.SPI_ApplicationEventCallback
                0x0000000000000000       0x18 Drivers/Src/stm32f407xx_spi_driver.o
 .debug_info    0x0000000000000000      0x9f8 Drivers/Src/stm32f407xx_spi_driver.o
 .debug_abbrev  0x0000000000000000      0x1ae Drivers/Src/stm32f407xx_spi_driver.o
 .debug_aranges
                0x0000000000000000       0xb8 Drivers/Src/stm32f407xx_spi_driver.o
 .debug_ranges  0x0000000000000000       0xa8 Drivers/Src/stm32f407xx_spi_driver.o
 .debug_macro   0x0000000000000000       0x9d Drivers/Src/stm32f407xx_spi_driver.o
 .debug_macro   0x0000000000000000      0xab4 Drivers/Src/stm32f407xx_spi_driver.o
 .debug_macro   0x0000000000000000       0x22 Drivers/Src/stm32f407xx_spi_driver.o
 .debug_macro   0x0000000000000000       0x8e Drivers/Src/stm32f407xx_spi_driver.o
 .debug_macro   0x0000000000000000       0x51 Drivers/Src/stm32f407xx_spi_driver.o
 .debug_macro   0x0000000000000000      0x103 Drivers/Src/stm32f407xx_spi_driver.o
 .debug_macro   0x0000000000000000       0x6a Drivers/Src/stm32f407xx_spi_driver.o
 .debug_macro   0x0000000000000000      0x1df Drivers/Src/stm32f407xx_spi_driver.o
 .debug_macro   0x0000000000000000      0x174 Drivers/Src/stm32f407xx_spi_driver.o
 .debug_macro   0x0000000000000000       0x10 Drivers/Src/stm32f407xx_spi_driver.o
 .debug_macro   0x0000000000000000      0x6ad Drivers/Src/stm32f407xx_spi_driver.o
 .debug_macro   0x0000000000000000       0xbe Drivers/Src/stm32f407xx_spi_driver.o
 .debug_line    0x0000000000000000      0x913 Drivers/Src/stm32f407xx_spi_driver.o
 .debug_str     0x0000000000000000     0x656f Drivers/Src/stm32f407xx_spi_driver.o
 .comment       0x0000000000000000       0x54 Drivers/Src/stm32f407xx_spi_driver.o
 .debug_frame   0x0000000000000000      0x314 Drivers/Src/stm32f407xx_spi_driver.o
 .ARM.attributes
                0x0000000000000000       0x34 Drivers/Src/stm32f407xx_spi_driver.o
 .group         0x0000000000000000        0xc Drivers/Src/stm32f407xx_usart_driver.o
 .group         0x0000000000000000        0xc Drivers/Src/stm32f407xx_usart_driver.o
 .group         0x0000000000000000        0xc Drivers/Src/stm32f407xx_usart_driver.o
 .group         0x0000000000000000        0xc Drivers/Src/stm32f407xx_usart_driver.o
 .group         0x0000000000000000        0xc Drivers/Src/stm32f407xx_usart_driver.o
 .group         0x0000000000000000        0xc Drivers/Src/stm32f407xx_usart_driver.o
 .group         0x0000000000000000        0xc Drivers/Src/stm32f407xx_usart_driver.o
 .group         0x0000000000000000        0xc Drivers/Src/stm32f407xx_usart_driver.o
 .group         0x0000000000000000        0xc Drivers/Src/stm32f407xx_usart_driver.o
 .group         0x0000000000000000        0xc Drivers/Src/stm32f407xx_usart_driver.o
 .group         0x0000000000000000        0xc Drivers/Src/stm32f407xx_usart_driver.o
 .text          0x0000000000000000        0x0 Drivers/Src/stm32f407xx_usart_driver.o
 .data          0x0000000000000000        0x0 Drivers/Src/stm32f407xx_usart_driver.o
 .bss           0x0000000000000000        0x0 Drivers/Src/stm32f407xx_usart_driver.o
 .text.USART_ReceiveData
                0x0000000000000000       0xb0 Drivers/Src/stm32f407xx_usart_driver.o
 .text.USART_SendDataIT
                0x0000000000000000       0x5c Drivers/Src/stm32f407xx_usart_driver.o
 .text.USART_ReceiveDataIT
                0x0000000000000000       0x4c Drivers/Src/stm32f407xx_usart_driver.o
 .text.USART_IRQInterruptConfig
                0x0000000000000000      0x10c Drivers/Src/stm32f407xx_usart_driver.o
 .text.USART_IRQPriorityConfig
                0x0000000000000000       0x54 Drivers/Src/stm32f407xx_usart_driver.o
 .text.USART_IRQHandling
                0x0000000000000000      0x21a Drivers/Src/stm32f407xx_usart_driver.o
 .debug_macro   0x0000000000000000      0xab4 Drivers/Src/stm32f407xx_usart_driver.o
 .debug_macro   0x0000000000000000       0x22 Drivers/Src/stm32f407xx_usart_driver.o
 .debug_macro   0x0000000000000000       0x8e Drivers/Src/stm32f407xx_usart_driver.o
 .debug_macro   0x0000000000000000       0x51 Drivers/Src/stm32f407xx_usart_driver.o
 .debug_macro   0x0000000000000000      0x103 Drivers/Src/stm32f407xx_usart_driver.o
 .debug_macro   0x0000000000000000       0x6a Drivers/Src/stm32f407xx_usart_driver.o
 .debug_macro   0x0000000000000000      0x1df Drivers/Src/stm32f407xx_usart_driver.o
 .debug_macro   0x0000000000000000      0x174 Drivers/Src/stm32f407xx_usart_driver.o
 .debug_macro   0x0000000000000000       0x10 Drivers/Src/stm32f407xx_usart_driver.o
 .debug_macro   0x0000000000000000      0x6ad Drivers/Src/stm32f407xx_usart_driver.o
 .group         0x0000000000000000        0xc Src/015UART_tx.o
 .group         0x0000000000000000        0xc Src/015UART_tx.o
 .group         0x0000000000000000        0xc Src/015UART_tx.o
 .group         0x0000000000000000        0xc Src/015UART_tx.o
 .group         0x0000000000000000        0xc Src/015UART_tx.o
 .group         0x0000000000000000        0xc Src/015UART_tx.o
 .group         0x0000000000000000        0xc Src/015UART_tx.o
 .group         0x0000000000000000        0xc Src/015UART_tx.o
 .group         0x0000000000000000        0xc Src/015UART_tx.o
 .group         0x0000000000000000        0xc Src/015UART_tx.o
 .group         0x0000000000000000        0xc Src/015UART_tx.o
 .group         0x0000000000000000        0xc Src/015UART_tx.o
 .group         0x0000000000000000        0xc Src/015UART_tx.o
 .group         0x0000000000000000        0xc Src/015UART_tx.o
 .group         0x0000000000000000        0xc Src/015UART_tx.o
 .group         0x0000000000000000        0xc Src/015UART_tx.o
 .group         0x0000000000000000        0xc Src/015UART_tx.o
 .group         0x0000000000000000        0xc Src/015UART_tx.o
 .group         0x0000000000000000        0xc Src/015UART_tx.o
 .group         0x0000000000000000        0xc Src/015UART_tx.o
 .group         0x0000000000000000        0xc Src/015UART_tx.o
 .group         0x0000000000000000        0xc Src/015UART_tx.o
 .group         0x0000000000000000        0xc Src/015UART_tx.o
 .group         0x0000000000000000        0xc Src/015UART_tx.o
 .group         0x0000000000000000        0xc Src/015UART_tx.o
 .group         0x0000000000000000        0xc Src/015UART_tx.o
 .group         0x0000000000000000        0xc Src/015UART_tx.o
 .group         0x0000000000000000        0xc Src/015UART_tx.o
 .text          0x0000000000000000        0x0 Src/015UART_tx.o
 .data          0x0000000000000000        0x0 Src/015UART_tx.o
 .bss           0x0000000000000000        0x0 Src/015UART_tx.o
 .debug_macro   0x0000000000000000      0xab4 Src/015UART_tx.o
 .debug_macro   0x0000000000000000       0x22 Src/015UART_tx.o
 .debug_macro   0x0000000000000000      0x174 Src/015UART_tx.o
 .debug_macro   0x0000000000000000      0x103 Src/015UART_tx.o
 .debug_macro   0x0000000000000000       0x6a Src/015UART_tx.o
 .debug_macro   0x0000000000000000      0x1df Src/015UART_tx.o
 .debug_macro   0x0000000000000000       0x10 Src/015UART_tx.o
 .debug_macro   0x0000000000000000      0x6ad Src/015UART_tx.o
 .debug_macro   0x0000000000000000       0xc4 Src/015UART_tx.o
 .debug_macro   0x0000000000000000      0x100 Src/015UART_tx.o
 .group         0x0000000000000000        0xc Src/syscalls.o
 .group         0x0000000000000000        0xc Src/syscalls.o
 .group         0x0000000000000000        0xc Src/syscalls.o
 .group         0x0000000000000000        0xc Src/syscalls.o
 .group         0x0000000000000000        0xc Src/syscalls.o
 .group         0x0000000000000000        0xc Src/syscalls.o
 .group         0x0000000000000000        0xc Src/syscalls.o
 .group         0x0000000000000000        0xc Src/syscalls.o
 .group         0x0000000000000000        0xc Src/syscalls.o
 .group         0x0000000000000000        0xc Src/syscalls.o
 .group         0x0000000000000000        0xc Src/syscalls.o
 .group         0x0000000000000000        0xc Src/syscalls.o
 .group         0x0000000000000000        0xc Src/syscalls.o
 .group         0x0000000000000000        0xc Src/syscalls.o
 .group         0x0000000000000000        0xc Src/syscalls.o
 .group         0x0000000000000000        0xc Src/syscalls.o
 .group         0x0000000000000000        0xc Src/syscalls.o
 .group         0x0000000000000000        0xc Src/syscalls.o
 .group         0x0000000000000000        0xc Src/syscalls.o
 .group         0x0000000000000000        0xc Src/syscalls.o
 .group         0x0000000000000000        0xc Src/syscalls.o
 .group         0x0000000000000000        0xc Src/syscalls.o
 .group         0x0000000000000000        0xc Src/syscalls.o
 .group         0x0000000000000000        0xc Src/syscalls.o
 .group         0x0000000000000000        0xc Src/syscalls.o
 .group         0x0000000000000000        0xc Src/syscalls.o
 .group         0x0000000000000000        0xc Src/syscalls.o
 .group         0x0000000000000000        0xc Src/syscalls.o
 .group         0x0000000000000000        0xc Src/syscalls.o
 .group         0x0000000000000000        0xc Src/syscalls.o
 .group         0x0000000000000000        0xc Src/syscalls.o
 .group         0x0000000000000000        0xc Src/syscalls.o
 .group         0x0000000000000000        0xc Src/syscalls.o
 .group         0x0000000000000000        0xc Src/syscalls.o
 .group         0x0000000000000000        0xc Src/syscalls.o
 .group         0x0000000000000000        0xc Src/syscalls.o
 .group         0x0000000000000000        0xc Src/syscalls.o
 .group         0x0000000000000000        0xc Src/syscalls.o
 .group         0x0000000000000000        0xc Src/syscalls.o
 .group         0x0000000000000000        0xc Src/syscalls.o
 .group         0x0000000000000000        0xc Src/syscalls.o
 .group         0x0000000000000000        0xc Src/syscalls.o
 .group         0x0000000000000000        0xc Src/syscalls.o
 .group         0x0000000000000000        0xc Src/syscalls.o
 .group         0x0000000000000000        0xc Src/syscalls.o
 .group         0x0000000000000000        0xc Src/syscalls.o
 .group         0x0000000000000000        0xc Src/syscalls.o
 .text          0x0000000000000000        0x0 Src/syscalls.o
 .data          0x0000000000000000        0x0 Src/syscalls.o
 .bss           0x0000000000000000        0x0 Src/syscalls.o
 .text.ITM_SendChar
                0x0000000000000000       0x50 Src/syscalls.o
 .bss.__env     0x0000000000000000        0x4 Src/syscalls.o
 .data.environ  0x0000000000000000        0x4 Src/syscalls.o
 .text.initialise_monitor_handles
                0x0000000000000000        0xe Src/syscalls.o
 .text._getpid  0x0000000000000000       0x10 Src/syscalls.o
 .text._kill    0x0000000000000000       0x20 Src/syscalls.o
 .text._exit    0x0000000000000000       0x14 Src/syscalls.o
 .text._read    0x0000000000000000       0x3a Src/syscalls.o
 .text._write   0x0000000000000000       0x38 Src/syscalls.o
 .text._close   0x0000000000000000       0x18 Src/syscalls.o
 .text._fstat   0x0000000000000000       0x20 Src/syscalls.o
 .text._isatty  0x0000000000000000       0x16 Src/syscalls.o
 .text._lseek   0x0000000000000000       0x1a Src/syscalls.o
 .text._open    0x0000000000000000       0x1c Src/syscalls.o
 .text._wait    0x0000000000000000       0x1e Src/syscalls.o
 .text._unlink  0x0000000000000000       0x1e Src/syscalls.o
 .text._times   0x0000000000000000       0x18 Src/syscalls.o
 .text._stat    0x0000000000000000       0x20 Src/syscalls.o
 .text._link    0x0000000000000000       0x20 Src/syscalls.o
 .text._fork    0x0000000000000000       0x16 Src/syscalls.o
 .text._execve  0x0000000000000000       0x22 Src/syscalls.o
 .debug_info    0x0000000000000000      0xfed Src/syscalls.o
 .debug_abbrev  0x0000000000000000      0x2a0 Src/syscalls.o
 .debug_aranges
                0x0000000000000000       0xb0 Src/syscalls.o
 .debug_ranges  0x0000000000000000       0xa0 Src/syscalls.o
 .debug_macro   0x0000000000000000      0x25e Src/syscalls.o
 .debug_macro   0x0000000000000000      0xab4 Src/syscalls.o
 .debug_macro   0x0000000000000000       0x22 Src/syscalls.o
 .debug_macro   0x0000000000000000       0x4c Src/syscalls.o
 .debug_macro   0x0000000000000000       0x18 Src/syscalls.o
 .debug_macro   0x0000000000000000       0x94 Src/syscalls.o
 .debug_macro   0x0000000000000000       0x3c Src/syscalls.o
 .debug_macro   0x0000000000000000       0x34 Src/syscalls.o
 .debug_macro   0x0000000000000000       0x57 Src/syscalls.o
 .debug_macro   0x0000000000000000      0x174 Src/syscalls.o
 .debug_macro   0x0000000000000000      0x339 Src/syscalls.o
 .debug_macro   0x0000000000000000       0x16 Src/syscalls.o
 .debug_macro   0x0000000000000000       0x43 Src/syscalls.o
 .debug_macro   0x0000000000000000       0x34 Src/syscalls.o
 .debug_macro   0x0000000000000000       0x10 Src/syscalls.o
 .debug_macro   0x0000000000000000       0x58 Src/syscalls.o
 .debug_macro   0x0000000000000000       0x71 Src/syscalls.o
 .debug_macro   0x0000000000000000       0x1c Src/syscalls.o
 .debug_macro   0x0000000000000000      0x12a Src/syscalls.o
 .debug_macro   0x0000000000000000       0x10 Src/syscalls.o
 .debug_macro   0x0000000000000000       0x35 Src/syscalls.o
 .debug_macro   0x0000000000000000       0x10 Src/syscalls.o
 .debug_macro   0x0000000000000000       0x10 Src/syscalls.o
 .debug_macro   0x0000000000000000       0x10 Src/syscalls.o
 .debug_macro   0x0000000000000000       0x6a Src/syscalls.o
 .debug_macro   0x0000000000000000       0x1c Src/syscalls.o
 .debug_macro   0x0000000000000000       0x52 Src/syscalls.o
 .debug_macro   0x0000000000000000       0x22 Src/syscalls.o
 .debug_macro   0x0000000000000000       0x10 Src/syscalls.o
 .debug_macro   0x0000000000000000       0x40 Src/syscalls.o
 .debug_macro   0x0000000000000000       0xd5 Src/syscalls.o
 .debug_macro   0x0000000000000000       0x1c Src/syscalls.o
 .debug_macro   0x0000000000000000       0x3d Src/syscalls.o
 .debug_macro   0x0000000000000000       0x35 Src/syscalls.o
 .debug_macro   0x0000000000000000      0x12c Src/syscalls.o
 .debug_macro   0x0000000000000000       0x16 Src/syscalls.o
 .debug_macro   0x0000000000000000       0x16 Src/syscalls.o
 .debug_macro   0x0000000000000000       0x29 Src/syscalls.o
 .debug_macro   0x0000000000000000       0x10 Src/syscalls.o
 .debug_macro   0x0000000000000000      0x241 Src/syscalls.o
 .debug_macro   0x0000000000000000       0x1c Src/syscalls.o
 .debug_macro   0x0000000000000000       0x10 Src/syscalls.o
 .debug_macro   0x0000000000000000       0x10 Src/syscalls.o
 .debug_macro   0x0000000000000000       0x16 Src/syscalls.o
 .debug_macro   0x0000000000000000      0x145 Src/syscalls.o
 .debug_macro   0x0000000000000000      0x189 Src/syscalls.o
 .debug_macro   0x0000000000000000       0x16 Src/syscalls.o
 .debug_macro   0x0000000000000000       0xce Src/syscalls.o
 .debug_line    0x0000000000000000      0x832 Src/syscalls.o
 .debug_str     0x0000000000000000     0x8f83 Src/syscalls.o
 .comment       0x0000000000000000       0x54 Src/syscalls.o
 .debug_frame   0x0000000000000000      0x2d4 Src/syscalls.o
 .ARM.attributes
                0x0000000000000000       0x34 Src/syscalls.o
 .group         0x0000000000000000        0xc Src/sysmem.o
 .group         0x0000000000000000        0xc Src/sysmem.o
 .group         0x0000000000000000        0xc Src/sysmem.o
 .group         0x0000000000000000        0xc Src/sysmem.o
 .group         0x0000000000000000        0xc Src/sysmem.o
 .group         0x0000000000000000        0xc Src/sysmem.o
 .group         0x0000000000000000        0xc Src/sysmem.o
 .group         0x0000000000000000        0xc Src/sysmem.o
 .group         0x0000000000000000        0xc Src/sysmem.o
 .group         0x0000000000000000        0xc Src/sysmem.o
 .group         0x0000000000000000        0xc Src/sysmem.o
 .group         0x0000000000000000        0xc Src/sysmem.o
 .group         0x0000000000000000        0xc Src/sysmem.o
 .group         0x0000000000000000        0xc Src/sysmem.o
 .group         0x0000000000000000        0xc Src/sysmem.o
 .group         0x0000000000000000        0xc Src/sysmem.o
 .group         0x0000000000000000        0xc Src/sysmem.o
 .group         0x0000000000000000        0xc Src/sysmem.o
 .group         0x0000000000000000        0xc Src/sysmem.o
 .group         0x0000000000000000        0xc Src/sysmem.o
 .group         0x0000000000000000        0xc Src/sysmem.o
 .group         0x0000000000000000        0xc Src/sysmem.o
 .text          0x0000000000000000        0x0 Src/sysmem.o
 .data          0x0000000000000000        0x0 Src/sysmem.o
 .bss           0x0000000000000000        0x0 Src/sysmem.o
 .bss.__sbrk_heap_end
                0x0000000000000000        0x4 Src/sysmem.o
 .text._sbrk    0x0000000000000000       0x6c Src/sysmem.o
 .debug_info    0x0000000000000000      0xa25 Src/sysmem.o
 .debug_abbrev  0x0000000000000000      0x1bf Src/sysmem.o
 .debug_aranges
                0x0000000000000000       0x20 Src/sysmem.o
 .debug_ranges  0x0000000000000000       0x10 Src/sysmem.o
 .debug_macro   0x0000000000000000       0xff Src/sysmem.o
 .debug_macro   0x0000000000000000      0xab4 Src/sysmem.o
 .debug_macro   0x0000000000000000       0x10 Src/sysmem.o
 .debug_macro   0x0000000000000000       0x22 Src/sysmem.o
 .debug_macro   0x0000000000000000       0x4c Src/sysmem.o
 .debug_macro   0x0000000000000000       0x18 Src/sysmem.o
 .debug_macro   0x0000000000000000       0x94 Src/sysmem.o
 .debug_macro   0x0000000000000000       0x3c Src/sysmem.o
 .debug_macro   0x0000000000000000       0x34 Src/sysmem.o
 .debug_macro   0x0000000000000000      0x174 Src/sysmem.o
 .debug_macro   0x0000000000000000       0x16 Src/sysmem.o
 .debug_macro   0x0000000000000000       0x43 Src/sysmem.o
 .debug_macro   0x0000000000000000       0x57 Src/sysmem.o
 .debug_macro   0x0000000000000000       0x34 Src/sysmem.o
 .debug_macro   0x0000000000000000       0x10 Src/sysmem.o
 .debug_macro   0x0000000000000000       0x58 Src/sysmem.o
 .debug_macro   0x0000000000000000       0x71 Src/sysmem.o
 .debug_macro   0x0000000000000000       0x1c Src/sysmem.o
 .debug_macro   0x0000000000000000      0x12a Src/sysmem.o
 .debug_macro   0x0000000000000000      0x23b Src/sysmem.o
 .debug_macro   0x0000000000000000      0x103 Src/sysmem.o
 .debug_macro   0x0000000000000000       0x6a Src/sysmem.o
 .debug_macro   0x0000000000000000      0x1df Src/sysmem.o
 .debug_line    0x0000000000000000      0x4f3 Src/sysmem.o
 .debug_str     0x0000000000000000     0x629b Src/sysmem.o
 .comment       0x0000000000000000       0x54 Src/sysmem.o
 .debug_frame   0x0000000000000000       0x34 Src/sysmem.o
 .ARM.attributes
                0x0000000000000000       0x34 Src/sysmem.o
 .text          0x0000000000000000       0x14 Startup/startup_stm32f407vgtx.o
 .data          0x0000000000000000        0x0 Startup/startup_stm32f407vgtx.o
 .bss           0x0000000000000000        0x0 Startup/startup_stm32f407vgtx.o
 .text          0x0000000000000000        0x0 c:/st/stm32cubeide_1.5.0/stm32cubeide/plugins/com.st.stm32cube.ide.mcu.externaltools.gnu-tools-for-stm32.9-2020-q2-update.win32_1.5.0.202011040924/tools/bin/../lib/gcc/arm-none-eabi/9.3.1/../../../../arm-none-eabi/lib/thumb/v7e-m+fp/hard\libc_nano.a(lib_a-errno.o)
 .data          0x0000000000000000        0x0 c:/st/stm32cubeide_1.5.0/stm32cubeide/plugins/com.st.stm32cube.ide.mcu.externaltools.gnu-tools-for-stm32.9-2020-q2-update.win32_1.5.0.202011040924/tools/bin/../lib/gcc/arm-none-eabi/9.3.1/../../../../arm-none-eabi/lib/thumb/v7e-m+fp/hard\libc_nano.a(lib_a-errno.o)
 .bss           0x0000000000000000        0x0 c:/st/stm32cubeide_1.5.0/stm32cubeide/plugins/com.st.stm32cube.ide.mcu.externaltools.gnu-tools-for-stm32.9-2020-q2-update.win32_1.5.0.202011040924/tools/bin/../lib/gcc/arm-none-eabi/9.3.1/../../../../arm-none-eabi/lib/thumb/v7e-m+fp/hard\libc_nano.a(lib_a-errno.o)
 .text.__errno  0x0000000000000000        0xc c:/st/stm32cubeide_1.5.0/stm32cubeide/plugins/com.st.stm32cube.ide.mcu.externaltools.gnu-tools-for-stm32.9-2020-q2-update.win32_1.5.0.202011040924/tools/bin/../lib/gcc/arm-none-eabi/9.3.1/../../../../arm-none-eabi/lib/thumb/v7e-m+fp/hard\libc_nano.a(lib_a-errno.o)
 .debug_frame   0x0000000000000000       0x20 c:/st/stm32cubeide_1.5.0/stm32cubeide/plugins/com.st.stm32cube.ide.mcu.externaltools.gnu-tools-for-stm32.9-2020-q2-update.win32_1.5.0.202011040924/tools/bin/../lib/gcc/arm-none-eabi/9.3.1/../../../../arm-none-eabi/lib/thumb/v7e-m+fp/hard\libc_nano.a(lib_a-errno.o)
 .ARM.attributes
                0x0000000000000000       0x34 c:/st/stm32cubeide_1.5.0/stm32cubeide/plugins/com.st.stm32cube.ide.mcu.externaltools.gnu-tools-for-stm32.9-2020-q2-update.win32_1.5.0.202011040924/tools/bin/../lib/gcc/arm-none-eabi/9.3.1/../../../../arm-none-eabi/lib/thumb/v7e-m+fp/hard\libc_nano.a(lib_a-errno.o)
 .text          0x0000000000000000        0x0 c:/st/stm32cubeide_1.5.0/stm32cubeide/plugins/com.st.stm32cube.ide.mcu.externaltools.gnu-tools-for-stm32.9-2020-q2-update.win32_1.5.0.202011040924/tools/bin/../lib/gcc/arm-none-eabi/9.3.1/../../../../arm-none-eabi/lib/thumb/v7e-m+fp/hard\libc_nano.a(lib_a-exit.o)
 .data          0x0000000000000000        0x0 c:/st/stm32cubeide_1.5.0/stm32cubeide/plugins/com.st.stm32cube.ide.mcu.externaltools.gnu-tools-for-stm32.9-2020-q2-update.win32_1.5.0.202011040924/tools/bin/../lib/gcc/arm-none-eabi/9.3.1/../../../../arm-none-eabi/lib/thumb/v7e-m+fp/hard\libc_nano.a(lib_a-exit.o)
 .bss           0x0000000000000000        0x0 c:/st/stm32cubeide_1.5.0/stm32cubeide/plugins/com.st.stm32cube.ide.mcu.externaltools.gnu-tools-for-stm32.9-2020-q2-update.win32_1.5.0.202011040924/tools/bin/../lib/gcc/arm-none-eabi/9.3.1/../../../../arm-none-eabi/lib/thumb/v7e-m+fp/hard\libc_nano.a(lib_a-exit.o)
 .text.exit     0x0000000000000000       0x28 c:/st/stm32cubeide_1.5.0/stm32cubeide/plugins/com.st.stm32cube.ide.mcu.externaltools.gnu-tools-for-stm32.9-2020-q2-update.win32_1.5.0.202011040924/tools/bin/../lib/gcc/arm-none-eabi/9.3.1/../../../../arm-none-eabi/lib/thumb/v7e-m+fp/hard\libc_nano.a(lib_a-exit.o)
 .debug_frame   0x0000000000000000       0x28 c:/st/stm32cubeide_1.5.0/stm32cubeide/plugins/com.st.stm32cube.ide.mcu.externaltools.gnu-tools-for-stm32.9-2020-q2-update.win32_1.5.0.202011040924/tools/bin/../lib/gcc/arm-none-eabi/9.3.1/../../../../arm-none-eabi/lib/thumb/v7e-m+fp/hard\libc_nano.a(lib_a-exit.o)
 .ARM.attributes
                0x0000000000000000       0x34 c:/st/stm32cubeide_1.5.0/stm32cubeide/plugins/com.st.stm32cube.ide.mcu.externaltools.gnu-tools-for-stm32.9-2020-q2-update.win32_1.5.0.202011040924/tools/bin/../lib/gcc/arm-none-eabi/9.3.1/../../../../arm-none-eabi/lib/thumb/v7e-m+fp/hard\libc_nano.a(lib_a-exit.o)
 .text          0x0000000000000000        0x0 c:/st/stm32cubeide_1.5.0/stm32cubeide/plugins/com.st.stm32cube.ide.mcu.externaltools.gnu-tools-for-stm32.9-2020-q2-update.win32_1.5.0.202011040924/tools/bin/../lib/gcc/arm-none-eabi/9.3.1/../../../../arm-none-eabi/lib/thumb/v7e-m+fp/hard\libc_nano.a(lib_a-impure.o)
 .data          0x0000000000000000        0x0 c:/st/stm32cubeide_1.5.0/stm32cubeide/plugins/com.st.stm32cube.ide.mcu.externaltools.gnu-tools-for-stm32.9-2020-q2-update.win32_1.5.0.202011040924/tools/bin/../lib/gcc/arm-none-eabi/9.3.1/../../../../arm-none-eabi/lib/thumb/v7e-m+fp/hard\libc_nano.a(lib_a-impure.o)
 .bss           0x0000000000000000        0x0 c:/st/stm32cubeide_1.5.0/stm32cubeide/plugins/com.st.stm32cube.ide.mcu.externaltools.gnu-tools-for-stm32.9-2020-q2-update.win32_1.5.0.202011040924/tools/bin/../lib/gcc/arm-none-eabi/9.3.1/../../../../arm-none-eabi/lib/thumb/v7e-m+fp/hard\libc_nano.a(lib_a-impure.o)
 .data._impure_ptr
                0x0000000000000000        0x4 c:/st/stm32cubeide_1.5.0/stm32cubeide/plugins/com.st.stm32cube.ide.mcu.externaltools.gnu-tools-for-stm32.9-2020-q2-update.win32_1.5.0.202011040924/tools/bin/../lib/gcc/arm-none-eabi/9.3.1/../../../../arm-none-eabi/lib/thumb/v7e-m+fp/hard\libc_nano.a(lib_a-impure.o)
 .data.impure_data
                0x0000000000000000       0x60 c:/st/stm32cubeide_1.5.0/stm32cubeide/plugins/com.st.stm32cube.ide.mcu.externaltools.gnu-tools-for-stm32.9-2020-q2-update.win32_1.5.0.202011040924/tools/bin/../lib/gcc/arm-none-eabi/9.3.1/../../../../arm-none-eabi/lib/thumb/v7e-m+fp/hard\libc_nano.a(lib_a-impure.o)
 .rodata._global_impure_ptr
                0x0000000000000000        0x4 c:/st/stm32cubeide_1.5.0/stm32cubeide/plugins/com.st.stm32cube.ide.mcu.externaltools.gnu-tools-for-stm32.9-2020-q2-update.win32_1.5.0.202011040924/tools/bin/../lib/gcc/arm-none-eabi/9.3.1/../../../../arm-none-eabi/lib/thumb/v7e-m+fp/hard\libc_nano.a(lib_a-impure.o)
 .ARM.attributes
                0x0000000000000000       0x32 c:/st/stm32cubeide_1.5.0/stm32cubeide/plugins/com.st.stm32cube.ide.mcu.externaltools.gnu-tools-for-stm32.9-2020-q2-update.win32_1.5.0.202011040924/tools/bin/../lib/gcc/arm-none-eabi/9.3.1/../../../../arm-none-eabi/lib/thumb/v7e-m+fp/hard\libc_nano.a(lib_a-impure.o)
 .text          0x0000000000000000        0x0 c:/st/stm32cubeide_1.5.0/stm32cubeide/plugins/com.st.stm32cube.ide.mcu.externaltools.gnu-tools-for-stm32.9-2020-q2-update.win32_1.5.0.202011040924/tools/bin/../lib/gcc/arm-none-eabi/9.3.1/../../../../arm-none-eabi/lib/thumb/v7e-m+fp/hard\libc_nano.a(lib_a-init.o)
 .data          0x0000000000000000        0x0 c:/st/stm32cubeide_1.5.0/stm32cubeide/plugins/com.st.stm32cube.ide.mcu.externaltools.gnu-tools-for-stm32.9-2020-q2-update.win32_1.5.0.202011040924/tools/bin/../lib/gcc/arm-none-eabi/9.3.1/../../../../arm-none-eabi/lib/thumb/v7e-m+fp/hard\libc_nano.a(lib_a-init.o)
 .bss           0x0000000000000000        0x0 c:/st/stm32cubeide_1.5.0/stm32cubeide/plugins/com.st.stm32cube.ide.mcu.externaltools.gnu-tools-for-stm32.9-2020-q2-update.win32_1.5.0.202011040924/tools/bin/../lib/gcc/arm-none-eabi/9.3.1/../../../../arm-none-eabi/lib/thumb/v7e-m+fp/hard\libc_nano.a(lib_a-init.o)
 .text          0x0000000000000000        0x0 c:/st/stm32cubeide_1.5.0/stm32cubeide/plugins/com.st.stm32cube.ide.mcu.externaltools.gnu-tools-for-stm32.9-2020-q2-update.win32_1.5.0.202011040924/tools/bin/../lib/gcc/arm-none-eabi/9.3.1/../../../../arm-none-eabi/lib/thumb/v7e-m+fp/hard\libc_nano.a(lib_a-memset.o)
 .data          0x0000000000000000        0x0 c:/st/stm32cubeide_1.5.0/stm32cubeide/plugins/com.st.stm32cube.ide.mcu.externaltools.gnu-tools-for-stm32.9-2020-q2-update.win32_1.5.0.202011040924/tools/bin/../lib/gcc/arm-none-eabi/9.3.1/../../../../arm-none-eabi/lib/thumb/v7e-m+fp/hard\libc_nano.a(lib_a-memset.o)
 .bss           0x0000000000000000        0x0 c:/st/stm32cubeide_1.5.0/stm32cubeide/plugins/com.st.stm32cube.ide.mcu.externaltools.gnu-tools-for-stm32.9-2020-q2-update.win32_1.5.0.202011040924/tools/bin/../lib/gcc/arm-none-eabi/9.3.1/../../../../arm-none-eabi/lib/thumb/v7e-m+fp/hard\libc_nano.a(lib_a-memset.o)
 .text.memset   0x0000000000000000       0x10 c:/st/stm32cubeide_1.5.0/stm32cubeide/plugins/com.st.stm32cube.ide.mcu.externaltools.gnu-tools-for-stm32.9-2020-q2-update.win32_1.5.0.202011040924/tools/bin/../lib/gcc/arm-none-eabi/9.3.1/../../../../arm-none-eabi/lib/thumb/v7e-m+fp/hard\libc_nano.a(lib_a-memset.o)
 .debug_frame   0x0000000000000000       0x20 c:/st/stm32cubeide_1.5.0/stm32cubeide/plugins/com.st.stm32cube.ide.mcu.externaltools.gnu-tools-for-stm32.9-2020-q2-update.win32_1.5.0.202011040924/tools/bin/../lib/gcc/arm-none-eabi/9.3.1/../../../../arm-none-eabi/lib/thumb/v7e-m+fp/hard\libc_nano.a(lib_a-memset.o)
 .ARM.attributes
                0x0000000000000000       0x34 c:/st/stm32cubeide_1.5.0/stm32cubeide/plugins/com.st.stm32cube.ide.mcu.externaltools.gnu-tools-for-stm32.9-2020-q2-update.win32_1.5.0.202011040924/tools/bin/../lib/gcc/arm-none-eabi/9.3.1/../../../../arm-none-eabi/lib/thumb/v7e-m+fp/hard\libc_nano.a(lib_a-memset.o)
 .data          0x0000000000000000        0x0 c:/st/stm32cubeide_1.5.0/stm32cubeide/plugins/com.st.stm32cube.ide.mcu.externaltools.gnu-tools-for-stm32.9-2020-q2-update.win32_1.5.0.202011040924/tools/bin/../lib/gcc/arm-none-eabi/9.3.1/../../../../arm-none-eabi/lib/thumb/v7e-m+fp/hard\libc_nano.a(lib_a-strlen.o)
 .bss           0x0000000000000000        0x0 c:/st/stm32cubeide_1.5.0/stm32cubeide/plugins/com.st.stm32cube.ide.mcu.externaltools.gnu-tools-for-stm32.9-2020-q2-update.win32_1.5.0.202011040924/tools/bin/../lib/gcc/arm-none-eabi/9.3.1/../../../../arm-none-eabi/lib/thumb/v7e-m+fp/hard\libc_nano.a(lib_a-strlen.o)
 .text          0x0000000000000000        0x0 c:/st/stm32cubeide_1.5.0/stm32cubeide/plugins/com.st.stm32cube.ide.mcu.externaltools.gnu-tools-for-stm32.9-2020-q2-update.win32_1.5.0.202011040924/tools/bin/../lib/gcc/arm-none-eabi/9.3.1/thumb/v7e-m+fp/hard/crtend.o
 .data          0x0000000000000000        0x0 c:/st/stm32cubeide_1.5.0/stm32cubeide/plugins/com.st.stm32cube.ide.mcu.externaltools.gnu-tools-for-stm32.9-2020-q2-update.win32_1.5.0.202011040924/tools/bin/../lib/gcc/arm-none-eabi/9.3.1/thumb/v7e-m+fp/hard/crtend.o
 .bss           0x0000000000000000        0x0 c:/st/stm32cubeide_1.5.0/stm32cubeide/plugins/com.st.stm32cube.ide.mcu.externaltools.gnu-tools-for-stm32.9-2020-q2-update.win32_1.5.0.202011040924/tools/bin/../lib/gcc/arm-none-eabi/9.3.1/thumb/v7e-m+fp/hard/crtend.o
 .eh_frame      0x0000000000000000        0x4 c:/st/stm32cubeide_1.5.0/stm32cubeide/plugins/com.st.stm32cube.ide.mcu.externaltools.gnu-tools-for-stm32.9-2020-q2-update.win32_1.5.0.202011040924/tools/bin/../lib/gcc/arm-none-eabi/9.3.1/thumb/v7e-m+fp/hard/crtend.o
 .ARM.attributes
                0x0000000000000000       0x32 c:/st/stm32cubeide_1.5.0/stm32cubeide/plugins/com.st.stm32cube.ide.mcu.externaltools.gnu-tools-for-stm32.9-2020-q2-update.win32_1.5.0.202011040924/tools/bin/../lib/gcc/arm-none-eabi/9.3.1/thumb/v7e-m+fp/hard/crtend.o
 .text          0x0000000000000000        0x0 c:/st/stm32cubeide_1.5.0/stm32cubeide/plugins/com.st.stm32cube.ide.mcu.externaltools.gnu-tools-for-stm32.9-2020-q2-update.win32_1.5.0.202011040924/tools/bin/../lib/gcc/arm-none-eabi/9.3.1/thumb/v7e-m+fp/hard/crtn.o
 .data          0x0000000000000000        0x0 c:/st/stm32cubeide_1.5.0/stm32cubeide/plugins/com.st.stm32cube.ide.mcu.externaltools.gnu-tools-for-stm32.9-2020-q2-update.win32_1.5.0.202011040924/tools/bin/../lib/gcc/arm-none-eabi/9.3.1/thumb/v7e-m+fp/hard/crtn.o
 .bss           0x0000000000000000        0x0 c:/st/stm32cubeide_1.5.0/stm32cubeide/plugins/com.st.stm32cube.ide.mcu.externaltools.gnu-tools-for-stm32.9-2020-q2-update.win32_1.5.0.202011040924/tools/bin/../lib/gcc/arm-none-eabi/9.3.1/thumb/v7e-m+fp/hard/crtn.o

Memory Configuration

Name             Origin             Length             Attributes
RAM              0x0000000020000000 0x0000000000020000 xrw
FLASH            0x0000000008000000 0x0000000000100000 xr
*default*        0x0000000000000000 0xffffffffffffffff

Linker script and memory map

LOAD c:/st/stm32cubeide_1.5.0/stm32cubeide/plugins/com.st.stm32cube.ide.mcu.externaltools.gnu-tools-for-stm32.9-2020-q2-update.win32_1.5.0.202011040924/tools/bin/../lib/gcc/arm-none-eabi/9.3.1/thumb/v7e-m+fp/hard/crti.o
LOAD c:/st/stm32cubeide_1.5.0/stm32cubeide/plugins/com.st.stm32cube.ide.mcu.externaltools.gnu-tools-for-stm32.9-2020-q2-update.win32_1.5.0.202011040924/tools/bin/../lib/gcc/arm-none-eabi/9.3.1/thumb/v7e-m+fp/hard/crtbegin.o
LOAD c:/st/stm32cubeide_1.5.0/stm32cubeide/plugins/com.st.stm32cube.ide.mcu.externaltools.gnu-tools-for-stm32.9-2020-q2-update.win32_1.5.0.202011040924/tools/bin/../lib/gcc/arm-none-eabi/9.3.1/../../../../arm-none-eabi/lib/thumb/v7e-m+fp/hard/crt0.o
LOAD Drivers/Src/stm32f407xx.o
LOAD Drivers/Src/stm32f407xx_gpio_driver.o
LOAD Drivers/Src/stm32f407xx_i2c_driver.o
LOAD Drivers/Src/stm32f407xx_rcc_driver.o
LOAD Drivers/Src/stm32f407xx_spi_driver.o
LOAD Drivers/Src/stm32f407xx_usart_driver.o
LOAD Src/015UART_tx.o
LOAD Src/syscalls.o
LOAD Src/sysmem.o
LOAD Startup/startup_stm32f407vgtx.o
START GROUP
LOAD c:/st/stm32cubeide_1.5.0/stm32cubeide/plugins/com.st.stm32cube.ide.mcu.externaltools.gnu-tools-for-stm32.9-2020-q2-update.win32_1.5.0.202011040924/tools/bin/../lib/gcc/arm-none-eabi/9.3.1/../../../../arm-none-eabi/lib/thumb/v7e-m+fp/hard\libc_nano.a
LOAD c:/st/stm32cubeide_1.5.0/stm32cubeide/plugins/com.st.stm32cube.ide.mcu.externaltools.gnu-tools-for-stm32.9-2020-q2-update.win32_1.5.0.202011040924/tools/bin/../lib/gcc/arm-none-eabi/9.3.1/../../../../arm-none-eabi/lib/thumb/v7e-m+fp/hard\libm.a
END GROUP
START GROUP
LOAD c:/st/stm32cubeide_1.5.0/stm32cubeide/plugins/com.st.stm32cube.ide.mcu.externaltools.gnu-tools-for-stm32.9-2020-q2-update.win32_1.5.0.202011040924/tools/bin/../lib/gcc/arm-none-eabi/9.3.1/thumb/v7e-m+fp/hard\libgcc.a
LOAD c:/st/stm32cubeide_1.5.0/stm32cubeide/plugins/com.st.stm32cube.ide.mcu.externaltools.gnu-tools-for-stm32.9-2020-q2-update.win32_1.5.0.202011040924/tools/bin/../lib/gcc/arm-none-eabi/9.3.1/../../../../arm-none-eabi/lib/thumb/v7e-m+fp/hard\libc_nano.a
END GROUP
START GROUP
LOAD c:/st/stm32cubeide_1.5.0/stm32cubeide/plugins/com.st.stm32cube.ide.mcu.externaltools.gnu-tools-for-stm32.9-2020-q2-update.win32_1.5.0.202011040924/tools/bin/../lib/gcc/arm-none-eabi/9.3.1/thumb/v7e-m+fp/hard\libgcc.a
LOAD c:/st/stm32cubeide_1.5.0/stm32cubeide/plugins/com.st.stm32cube.ide.mcu.externaltools.gnu-tools-for-stm32.9-2020-q2-update.win32_1.5.0.202011040924/tools/bin/../lib/gcc/arm-none-eabi/9.3.1/../../../../arm-none-eabi/lib/thumb/v7e-m+fp/hard\libc_nano.a
LOAD c:/st/stm32cubeide_1.5.0/stm32cubeide/plugins/com.st.stm32cube.ide.mcu.externaltools.gnu-tools-for-stm32.9-2020-q2-update.win32_1.5.0.202011040924/tools/bin/../lib/gcc/arm-none-eabi/9.3.1/../../../../arm-none-eabi/lib/thumb/v7e-m+fp/hard\libnosys.a
END GROUP
START GROUP
LOAD c:/st/stm32cubeide_1.5.0/stm32cubeide/plugins/com.st.stm32cube.ide.mcu.externaltools.gnu-tools-for-stm32.9-2020-q2-update.win32_1.5.0.202011040924/tools/bin/../lib/gcc/arm-none-eabi/9.3.1/thumb/v7e-m+fp/hard\libgcc.a
LOAD c:/st/stm32cubeide_1.5.0/stm32cubeide/plugins/com.st.stm32cube.ide.mcu.externaltools.gnu-tools-for-stm32.9-2020-q2-update.win32_1.5.0.202011040924/tools/bin/../lib/gcc/arm-none-eabi/9.3.1/../../../../arm-none-eabi/lib/thumb/v7e-m+fp/hard\libc_nano.a
LOAD c:/st/stm32cubeide_1.5.0/stm32cubeide/plugins/com.st.stm32cube.ide.mcu.externaltools.gnu-tools-for-stm32.9-2020-q2-update.win32_1.5.0.202011040924/tools/bin/../lib/gcc/arm-none-eabi/9.3.1/../../../../arm-none-eabi/lib/thumb/v7e-m+fp/hard\libnosys.a
END GROUP
LOAD c:/st/stm32cubeide_1.5.0/stm32cubeide/plugins/com.st.stm32cube.ide.mcu.externaltools.gnu-tools-for-stm32.9-2020-q2-update.win32_1.5.0.202011040924/tools/bin/../lib/gcc/arm-none-eabi/9.3.1/thumb/v7e-m+fp/hard/crtend.o
LOAD c:/st/stm32cubeide_1.5.0/stm32cubeide/plugins/com.st.stm32cube.ide.mcu.externaltools.gnu-tools-for-stm32.9-2020-q2-update.win32_1.5.0.202011040924/tools/bin/../lib/gcc/arm-none-eabi/9.3.1/thumb/v7e-m+fp/hard/crtn.o
                0x0000000020020000                _estack = (ORIGIN (RAM) + LENGTH (RAM))
                0x0000000000000200                _Min_Heap_Size = 0x200
                0x0000000000000400                _Min_Stack_Size = 0x400

.isr_vector     0x0000000008000000      0x1a8
                0x0000000008000000                . = ALIGN (0x4)
 *(.isr_vector)
 .isr_vector    0x0000000008000000      0x1a8 Startup/startup_stm32f407vgtx.o
                0x0000000008000000                g_pfnVectors
                0x00000000080001a8                . = ALIGN (0x4)

.text           0x00000000080001a8      0xb0c
                0x00000000080001a8                . = ALIGN (0x4)
 *(.text)
 .text          0x00000000080001a8       0x40 c:/st/stm32cubeide_1.5.0/stm32cubeide/plugins/com.st.stm32cube.ide.mcu.externaltools.gnu-tools-for-stm32.9-2020-q2-update.win32_1.5.0.202011040924/tools/bin/../lib/gcc/arm-none-eabi/9.3.1/thumb/v7e-m+fp/hard/crtbegin.o
 .text          0x00000000080001e8       0x10 c:/st/stm32cubeide_1.5.0/stm32cubeide/plugins/com.st.stm32cube.ide.mcu.externaltools.gnu-tools-for-stm32.9-2020-q2-update.win32_1.5.0.202011040924/tools/bin/../lib/gcc/arm-none-eabi/9.3.1/../../../../arm-none-eabi/lib/thumb/v7e-m+fp/hard\libc_nano.a(lib_a-strlen.o)
                0x00000000080001e8                strlen
 *(.text*)
 .text.GPIO_PeriClockControl
                0x00000000080001f8      0x130 Drivers/Src/stm32f407xx_gpio_driver.o
                0x00000000080001f8                GPIO_PeriClockControl
 .text.GPIO_Init
                0x0000000008000328      0x340 Drivers/Src/stm32f407xx_gpio_driver.o
                0x0000000008000328                GPIO_Init
 .text.RCC_GetPCLK1Value
                0x0000000008000668       0xb0 Drivers/Src/stm32f407xx_rcc_driver.o
                0x0000000008000668                RCC_GetPCLK1Value
 .text.RCC_GetPCLK2Value
                0x0000000008000718       0xa8 Drivers/Src/stm32f407xx_rcc_driver.o
                0x0000000008000718                RCC_GetPCLK2Value
 .text.RCC_GetPLLOutputClock
                0x00000000080007c0       0x10 Drivers/Src/stm32f407xx_rcc_driver.o
                0x00000000080007c0                RCC_GetPLLOutputClock
 .text.USART_SetBaudRate
                0x00000000080007d0       0xe4 Drivers/Src/stm32f407xx_usart_driver.o
                0x00000000080007d0                USART_SetBaudRate
 .text.USART_PeripheralControl
                0x00000000080008b4       0x38 Drivers/Src/stm32f407xx_usart_driver.o
                0x00000000080008b4                USART_PeripheralControl
 .text.USART_PeriClockControl
                0x00000000080008ec       0x98 Drivers/Src/stm32f407xx_usart_driver.o
                0x00000000080008ec                USART_PeriClockControl
 .text.USART_Init
                0x0000000008000984       0xfe Drivers/Src/stm32f407xx_usart_driver.o
                0x0000000008000984                USART_Init
 .text.USART_GetFlagStatus
                0x0000000008000a82       0x2e Drivers/Src/stm32f407xx_usart_driver.o
                0x0000000008000a82                USART_GetFlagStatus
 .text.USART_SendData
                0x0000000008000ab0       0x9c Drivers/Src/stm32f407xx_usart_driver.o
                0x0000000008000ab0                USART_SendData
 .text.USART2_Init
                0x0000000008000b4c       0x3c Src/015UART_tx.o
                0x0000000008000b4c                USART2_Init
 .text.USART2_GPIOInit
                0x0000000008000b88       0x44 Src/015UART_tx.o
                0x0000000008000b88                USART2_GPIOInit
 .text.main     0x0000000008000bcc       0x34 Src/015UART_tx.o
                0x0000000008000bcc                main
 .text.Reset_Handler
                0x0000000008000c00       0x50 Startup/startup_stm32f407vgtx.o
                0x0000000008000c00                Reset_Handler
 .text.Default_Handler
                0x0000000008000c50        0x2 Startup/startup_stm32f407vgtx.o
                0x0000000008000c50                RTC_Alarm_IRQHandler
                0x0000000008000c50                HASH_RNG_IRQHandler
                0x0000000008000c50                EXTI2_IRQHandler
                0x0000000008000c50                TIM8_CC_IRQHandler
                0x0000000008000c50                DebugMon_Handler
                0x0000000008000c50                TIM1_CC_IRQHandler
                0x0000000008000c50                DMA2_Stream5_IRQHandler
                0x0000000008000c50                HardFault_Handler
                0x0000000008000c50                DMA1_Stream5_IRQHandler
                0x0000000008000c50                SysTick_Handler
                0x0000000008000c50                PVD_IRQHandler
                0x0000000008000c50                SDIO_IRQHandler
                0x0000000008000c50                TAMP_STAMP_IRQHandler
                0x0000000008000c50                PendSV_Handler
                0x0000000008000c50                NMI_Handler
                0x0000000008000c50                CAN2_RX1_IRQHandler
                0x0000000008000c50                EXTI3_IRQHandler
                0x0000000008000c50                TIM8_TRG_COM_TIM14_IRQHandler
                0x0000000008000c50                TIM1_UP_TIM10_IRQHandler
                0x0000000008000c50                TIM8_UP_TIM13_IRQHandler
                0x0000000008000c50                I2C3_ER_IRQHandler
                0x0000000008000c50                LCD_TFT_IRQHandler
                0x0000000008000c50                EXTI0_IRQHandler
                0x0000000008000c50                I2C2_EV_IRQHandler
                0x0000000008000c50                DMA1_Stream2_IRQHandler
                0x0000000008000c50                CAN1_RX0_IRQHandler
                0x0000000008000c50                FPU_IRQHandler
                0x0000000008000c50                OTG_HS_WKUP_IRQHandler
                0x0000000008000c50                UsageFault_Handler
                0x0000000008000c50                CAN2_SCE_IRQHandler
                0x0000000008000c50                DMA2_Stream2_IRQHandler
                0x0000000008000c50                SPI1_IRQHandler
                0x0000000008000c50                TIM6_DAC_IRQHandler
                0x0000000008000c50                TIM1_BRK_TIM9_IRQHandler
                0x0000000008000c50                DCMI_IRQHandler
                0x0000000008000c50                CAN2_RX0_IRQHandler
                0x0000000008000c50                DMA2_Stream3_IRQHandler
                0x0000000008000c50                USART6_IRQHandler
                0x0000000008000c50                USART3_IRQHandler
                0x0000000008000c50                CRYP_IRQHandler
                0x0000000008000c50                CAN1_RX1_IRQHandler
                0x0000000008000c50                UART5_IRQHandler
                0x0000000008000c50                DMA2_Stream0_IRQHandler
                0x0000000008000c50                TIM4_IRQHandler
                0x0000000008000c50                I2C1_EV_IRQHandler
                0x0000000008000c50                DMA1_Stream6_IRQHandler
                0x0000000008000c50                DMA1_Stream1_IRQHandler
                0x0000000008000c50                UART4_IRQHandler
                0x0000000008000c50                LCD_TFT_1_IRQHandler
                0x0000000008000c50                TIM3_IRQHandler
                0x0000000008000c50                RCC_IRQHandler
                0x0000000008000c50                TIM8_BRK_TIM12_IRQHandler
                0x0000000008000c50                Default_Handler
                0x0000000008000c50                EXTI15_10_IRQHandler
                0x0000000008000c50                ADC_IRQHandler
                0x0000000008000c50                DMA1_Stream7_IRQHandler
                0x0000000008000c50                TIM7_IRQHandler
                0x0000000008000c50                CAN2_TX_IRQHandler
                0x0000000008000c50                TIM5_IRQHandler
                0x0000000008000c50                DMA2_Stream7_IRQHandler
                0x0000000008000c50                I2C3_EV_IRQHandler
                0x0000000008000c50                EXTI9_5_IRQHandler
                0x0000000008000c50                RTC_WKUP_IRQHandler
                0x0000000008000c50                ETH_WKUP_IRQHandler
                0x0000000008000c50                SPI2_IRQHandler
                0x0000000008000c50                OTG_HS_EP1_IN_IRQHandler
                0x0000000008000c50                MemManage_Handler
                0x0000000008000c50                DMA1_Stream0_IRQHandler
                0x0000000008000c50                CAN1_TX_IRQHandler
                0x0000000008000c50                SVC_Handler
                0x0000000008000c50                EXTI4_IRQHandler
                0x0000000008000c50                FSMC_IRQHandler
                0x0000000008000c50                ETH_IRQHandler
                0x0000000008000c50                OTG_HS_EP1_OUT_IRQHandler
                0x0000000008000c50                WWDG_IRQHandler
                0x0000000008000c50                TIM2_IRQHandler
                0x0000000008000c50                OTG_FS_WKUP_IRQHandler
                0x0000000008000c50                TIM1_TRG_COM_TIM11_IRQHandler
                0x0000000008000c50                OTG_HS_IRQHandler
                0x0000000008000c50                EXTI1_IRQHandler
                0x0000000008000c50                USART2_IRQHandler
                0x0000000008000c50                I2C2_ER_IRQHandler
                0x0000000008000c50                DMA2_Stream1_IRQHandler
                0x0000000008000c50                CAN1_SCE_IRQHandler
                0x0000000008000c50                DMA2_Stream4_IRQHandler
                0x0000000008000c50                BusFault_Handler
                0x0000000008000c50                USART1_IRQHandler
                0x0000000008000c50                OTG_FS_IRQHandler
                0x0000000008000c50                SPI3_IRQHandler
                0x0000000008000c50                DMA1_Stream4_IRQHandler
                0x0000000008000c50                I2C1_ER_IRQHandler
                0x0000000008000c50                DMA2_Stream6_IRQHandler
                0x0000000008000c50                DMA1_Stream3_IRQHandler
 *fill*         0x0000000008000c52        0x2 
 .text.__libc_init_array
                0x0000000008000c54       0x48 c:/st/stm32cubeide_1.5.0/stm32cubeide/plugins/com.st.stm32cube.ide.mcu.externaltools.gnu-tools-for-stm32.9-2020-q2-update.win32_1.5.0.202011040924/tools/bin/../lib/gcc/arm-none-eabi/9.3.1/../../../../arm-none-eabi/lib/thumb/v7e-m+fp/hard\libc_nano.a(lib_a-init.o)
                0x0000000008000c54                __libc_init_array
 *(.glue_7)
 .glue_7        0x0000000008000c9c        0x0 linker stubs
 *(.glue_7t)
 .glue_7t       0x0000000008000c9c        0x0 linker stubs
 *(.eh_frame)
 .eh_frame      0x0000000008000c9c        0x0 c:/st/stm32cubeide_1.5.0/stm32cubeide/plugins/com.st.stm32cube.ide.mcu.externaltools.gnu-tools-for-stm32.9-2020-q2-update.win32_1.5.0.202011040924/tools/bin/../lib/gcc/arm-none-eabi/9.3.1/thumb/v7e-m+fp/hard/crtbegin.o
 *(.init)
 .init          0x0000000008000c9c        0x4 c:/st/stm32cubeide_1.5.0/stm32cubeide/plugins/com.st.stm32cube.ide.mcu.externaltools.gnu-tools-for-stm32.9-2020-q2-update.win32_1.5.0.202011040924/tools/bin/../lib/gcc/arm-none-eabi/9.3.1/thumb/v7e-m+fp/hard/crti.o
                0x0000000008000c9c                _init
 .init          0x0000000008000ca0        0x8 c:/st/stm32cubeide_1.5.0/stm32cubeide/plugins/com.st.stm32cube.ide.mcu.externaltools.gnu-tools-for-stm32.9-2020-q2-update.win32_1.5.0.202011040924/tools/bin/../lib/gcc/arm-none-eabi/9.3.1/thumb/v7e-m+fp/hard/crtn.o
 *(.fini)
 .fini          0x0000000008000ca8        0x4 c:/st/stm32cubeide_1.5.0/stm32cubeide/plugins/com.st.stm32cube.ide.mcu.externaltools.gnu-tools-for-stm32.9-2020-q2-update.win32_1.5.0.202011040924/tools/bin/../lib/gcc/arm-none-eabi/9.3.1/thumb/v7e-m+fp/hard/crti.o
                0x0000000008000ca8                _fini
 .fini          0x0000000008000cac        0x8 c:/st/stm32cubeide_1.5.0/stm32cubeide/plugins/com.st.stm32cube.ide.mcu.externaltools.gnu-tools-for-stm32.9-2020-q2-update.win32_1.5.0.202011040924/tools/bin/../lib/gcc/arm-none-eabi/9.3.1/thumb/v7e-m+fp/hard/crtn.o
                0x0000000008000cb4                . = ALIGN (0x4)
                0x0000000008000cb4                _etext = .

.vfp11_veneer   0x0000000008000cb4        0x0
 .vfp11_veneer  0x0000000008000cb4        0x0 linker stubs

.v4_bx          0x0000000008000cb4        0x0
 .v4_bx         0x0000000008000cb4        0x0 linker stubs

.iplt           0x0000000008000cb4        0x0
 .iplt          0x0000000008000cb4        0x0 c:/st/stm32cubeide_1.5.0/stm32cubeide/plugins/com.st.stm32cube.ide.mcu.externaltools.gnu-tools-for-stm32.9-2020-q2-update.win32_1.5.0.202011040924/tools/bin/../lib/gcc/arm-none-eabi/9.3.1/thumb/v7e-m+fp/hard/crtbegin.o

.rel.dyn        0x0000000008000cb4        0x0
 .rel.iplt      0x0000000008000cb4        0x0 c:/st/stm32cubeide_1.5.0/stm32cubeide/plugins/com.st.stm32cube.ide.mcu.externaltools.gnu-tools-for-stm32.9-2020-q2-update.win32_1.5.0.202011040924/tools/bin/../lib/gcc/arm-none-eabi/9.3.1/thumb/v7e-m+fp/hard/crtbegin.o

.rodata         0x0000000008000cb4        0x0
                0x0000000008000cb4                . = ALIGN (0x4)
 *(.rodata)
 *(.rodata*)
                0x0000000008000cb4                . = ALIGN (0x4)

.ARM.extab      0x0000000008000cb4        0x0
                0x0000000008000cb4                . = ALIGN (0x4)
 *(.ARM.extab* .gnu.linkonce.armextab.*)
                0x0000000008000cb4                . = ALIGN (0x4)

.ARM            0x0000000008000cb4        0x0
                0x0000000008000cb4                . = ALIGN (0x4)
                0x0000000008000cb4                __exidx_start = .
 *(.ARM.exidx*)
                0x0000000008000cb4                __exidx_end = .
                0x0000000008000cb4                . = ALIGN (0x4)

.preinit_array  0x0000000008000cb4        0x0
                0x0000000008000cb4                . = ALIGN (0x4)
                0x0000000008000cb4                PROVIDE (__preinit_array_start = .)
 *(.preinit_array*)
                0x0000000008000cb4                PROVIDE (__preinit_array_end = .)
                0x0000000008000cb4                . = ALIGN (0x4)

.init_array     0x0000000008000cb4        0x4
                0x0000000008000cb4                . = ALIGN (0x4)
                0x0000000008000cb4                PROVIDE (__init_array_start = .)
 *(SORT_BY_NAME(.init_array.*))
 *(.init_array*)
 .init_array    0x0000000008000cb4        0x4 c:/st/stm32cubeide_1.5.0/stm32cubeide/plugins/com.st.stm32cube.ide.mcu.externaltools.gnu-tools-for-stm32.9-2020-q2-update.win32_1.5.0.202011040924/tools/bin/../lib/gcc/arm-none-eabi/9.3.1/thumb/v7e-m+fp/hard/crtbegin.o
                0x0000000008000cb8                PROVIDE (__init_array_end = .)
                0x0000000008000cb8                . = ALIGN (0x4)

.fini_array     0x0000000008000cb8        0x4
                0x0000000008000cb8                . = ALIGN (0x4)
                [!provide]                        PROVIDE (__fini_array_start = .)
 *(SORT_BY_NAME(.fini_array.*))
 *(.fini_array*)
 .fini_array    0x0000000008000cb8        0x4 c:/st/stm32cubeide_1.5.0/stm32cubeide/plugins/com.st.stm32cube.ide.mcu.externaltools.gnu-tools-for-stm32.9-2020-q2-update.win32_1.5.0.202011040924/tools/bin/../lib/gcc/arm-none-eabi/9.3.1/thumb/v7e-m+fp/hard/crtbegin.o
                [!provide]                        PROVIDE (__fini_array_end = .)
                0x0000000008000cbc                . = ALIGN (0x4)
                0x0000000008000cbc                _sidata = LOADADDR (.data)

.data           0x0000000020000000      0x428 load address 0x0000000008000cbc
                0x0000000020000000                . = ALIGN (0x4)
                0x0000000020000000                _sdata = .
 *(.data)
 *(.data*)
 .data.RCC      0x0000000020000000        0x4 Drivers/Src/stm32f407xx.o
                0x0000000020000000                RCC
 .data.AHB_PreScaler
                0x0000000020000004       0x20 Drivers/Src/stm32f407xx_rcc_driver.o
                0x0000000020000004                AHB_PreScaler
 .data.APB1_PreScaler
                0x0000000020000024        0x4 Drivers/Src/stm32f407xx_rcc_driver.o
                0x0000000020000024                APB1_PreScaler
 .data.msg      0x0000000020000028      0x400 Src/015UART_tx.o
                0x0000000020000028                msg
 *(.RamFunc)
 *(.RamFunc*)
                0x0000000020000428                . = ALIGN (0x4)
                0x0000000020000428                _edata = .

.igot.plt       0x0000000020000428        0x0 load address 0x00000000080010e4
 .igot.plt      0x0000000020000428        0x0 c:/st/stm32cubeide_1.5.0/stm32cubeide/plugins/com.st.stm32cube.ide.mcu.externaltools.gnu-tools-for-stm32.9-2020-q2-update.win32_1.5.0.202011040924/tools/bin/../lib/gcc/arm-none-eabi/9.3.1/thumb/v7e-m+fp/hard/crtbegin.o
                0x0000000020000428                . = ALIGN (0x4)

.bss            0x0000000020000428       0x40 load address 0x00000000080010e4
                0x0000000020000428                _sbss = .
                0x0000000020000428                __bss_start__ = _sbss
 *(.bss)
 .bss           0x0000000020000428       0x1c c:/st/stm32cubeide_1.5.0/stm32cubeide/plugins/com.st.stm32cube.ide.mcu.externaltools.gnu-tools-for-stm32.9-2020-q2-update.win32_1.5.0.202011040924/tools/bin/../lib/gcc/arm-none-eabi/9.3.1/thumb/v7e-m+fp/hard/crtbegin.o
 *(.bss*)
 *(COMMON)
 COMMON         0x0000000020000444       0x24 Src/015UART_tx.o
                0x0000000020000444                usart2
                0x0000000020000468                . = ALIGN (0x4)
                0x0000000020000468                _ebss = .
                0x0000000020000468                __bss_end__ = _ebss

._user_heap_stack
                0x0000000020000468      0x600 load address 0x00000000080010e4
                0x0000000020000468                . = ALIGN (0x8)
                [!provide]                        PROVIDE (end = .)
                0x0000000020000468                PROVIDE (_end = .)
                0x0000000020000668                . = (. + _Min_Heap_Size)
 *fill*         0x0000000020000468      0x200 
                0x0000000020000a68                . = (. + _Min_Stack_Size)
 *fill*         0x0000000020000668      0x400 
                0x0000000020000a68                . = ALIGN (0x8)

/DISCARD/
 libc.a(*)
 libm.a(*)
 libgcc.a(*)

.ARM.attributes
                0x0000000000000000       0x30
 *(.ARM.attributes)
 .ARM.attributes
                0x0000000000000000       0x1e c:/st/stm32cubeide_1.5.0/stm32cubeide/plugins/com.st.stm32cube.ide.mcu.externaltools.gnu-tools-for-stm32.9-2020-q2-update.win32_1.5.0.202011040924/tools/bin/../lib/gcc/arm-none-eabi/9.3.1/thumb/v7e-m+fp/hard/crti.o
 .ARM.attributes
                0x000000000000001e       0x34 c:/st/stm32cubeide_1.5.0/stm32cubeide/plugins/com.st.stm32cube.ide.mcu.externaltools.gnu-tools-for-stm32.9-2020-q2-update.win32_1.5.0.202011040924/tools/bin/../lib/gcc/arm-none-eabi/9.3.1/thumb/v7e-m+fp/hard/crtbegin.o
 .ARM.attributes
                0x0000000000000052       0x39 Drivers/Src/stm32f407xx.o
 .ARM.attributes
                0x000000000000008b       0x34 Drivers/Src/stm32f407xx_gpio_driver.o
 .ARM.attributes
                0x00000000000000bf       0x34 Drivers/Src/stm32f407xx_rcc_driver.o
 .ARM.attributes
                0x00000000000000f3       0x34 Drivers/Src/stm32f407xx_usart_driver.o
 .ARM.attributes
                0x0000000000000127       0x34 Src/015UART_tx.o
 .ARM.attributes
                0x000000000000015b       0x21 Startup/startup_stm32f407vgtx.o
 .ARM.attributes
                0x000000000000017c       0x34 c:/st/stm32cubeide_1.5.0/stm32cubeide/plugins/com.st.stm32cube.ide.mcu.externaltools.gnu-tools-for-stm32.9-2020-q2-update.win32_1.5.0.202011040924/tools/bin/../lib/gcc/arm-none-eabi/9.3.1/../../../../arm-none-eabi/lib/thumb/v7e-m+fp/hard\libc_nano.a(lib_a-init.o)
 .ARM.attributes
                0x00000000000001b0       0x17 c:/st/stm32cubeide_1.5.0/stm32cubeide/plugins/com.st.stm32cube.ide.mcu.externaltools.gnu-tools-for-stm32.9-2020-q2-update.win32_1.5.0.202011040924/tools/bin/../lib/gcc/arm-none-eabi/9.3.1/../../../../arm-none-eabi/lib/thumb/v7e-m+fp/hard\libc_nano.a(lib_a-strlen.o)
 .ARM.attributes
                0x00000000000001c7       0x1e c:/st/stm32cubeide_1.5.0/stm32cubeide/plugins/com.st.stm32cube.ide.mcu.externaltools.gnu-tools-for-stm32.9-2020-q2-update.win32_1.5.0.202011040924/tools/bin/../lib/gcc/arm-none-eabi/9.3.1/thumb/v7e-m+fp/hard/crtn.o
OUTPUT(GPIO_DRIVERS.elf elf32-littlearm)
LOAD linker stubs
LOAD c:/st/stm32cubeide_1.5.0/stm32cubeide/plugins/com.st.stm32cube.ide.mcu.externaltools.gnu-tools-for-stm32.9-2020-q2-update.win32_1.5.0.202011040924/tools/bin/../lib/gcc/arm-none-eabi/9.3.1/../../../../arm-none-eabi/lib/thumb/v7e-m+fp/hard\libc.a
LOAD c:/st/stm32cubeide_1.5.0/stm32cubeide/plugins/com.st.stm32cube.ide.mcu.externaltools.gnu-tools-for-stm32.9-2020-q2-update.win32_1.5.0.202011040924/tools/bin/../lib/gcc/arm-none-eabi/9.3.1/../../../../arm-none-eabi/lib/thumb/v7e-m+fp/hard\libm.a
LOAD c:/st/stm32cubeide_1.5.0/stm32cubeide/plugins/com.st.stm32cube.ide.mcu.externaltools.gnu-tools-for-stm32.9-2020-q2-update.win32_1.5.0.202011040924/tools/bin/../lib/gcc/arm-none-eabi/9.3.1/thumb/v7e-m+fp/hard\libgcc.a

.debug_info     0x0000000000000000     0x2933
 .debug_info    0x0000000000000000      0x41b Drivers/Src/stm32f407xx.o
 .debug_info    0x000000000000041b      0x82d Drivers/Src/stm32f407xx_gpio_driver.o
 .debug_info    0x0000000000000c48      0x4ef Drivers/Src/stm32f407xx_rcc_driver.o
 .debug_info    0x0000000000001137      0x910 Drivers/Src/stm32f407xx_usart_driver.o
 .debug_info    0x0000000000001a47      0xeca Src/015UART_tx.o
 .debug_info    0x0000000000002911       0x22 Startup/startup_stm32f407vgtx.o

.debug_abbrev   0x0000000000000000      0x819
 .debug_abbrev  0x0000000000000000       0xc0 Drivers/Src/stm32f407xx.o
 .debug_abbrev  0x00000000000000c0      0x199 Drivers/Src/stm32f407xx_gpio_driver.o
 .debug_abbrev  0x0000000000000259      0x13e Drivers/Src/stm32f407xx_rcc_driver.o
 .debug_abbrev  0x0000000000000397      0x24c Drivers/Src/stm32f407xx_usart_driver.o
 .debug_abbrev  0x00000000000005e3      0x224 Src/015UART_tx.o
 .debug_abbrev  0x0000000000000807       0x12 Startup/startup_stm32f407vgtx.o

.debug_aranges  0x0000000000000000      0x188
 .debug_aranges
                0x0000000000000000       0x18 Drivers/Src/stm32f407xx.o
 .debug_aranges
                0x0000000000000018       0x70 Drivers/Src/stm32f407xx_gpio_driver.o
 .debug_aranges
                0x0000000000000088       0x30 Drivers/Src/stm32f407xx_rcc_driver.o
 .debug_aranges
                0x00000000000000b8       0x78 Drivers/Src/stm32f407xx_usart_driver.o
 .debug_aranges
                0x0000000000000130       0x30 Src/015UART_tx.o
 .debug_aranges
                0x0000000000000160       0x28 Startup/startup_stm32f407vgtx.o

.debug_macro    0x0000000000000000     0x24d1
 .debug_macro   0x0000000000000000       0x8e Drivers/Src/stm32f407xx.o
 .debug_macro   0x000000000000008e      0xab4 Drivers/Src/stm32f407xx.o
 .debug_macro   0x0000000000000b42       0x22 Drivers/Src/stm32f407xx.o
 .debug_macro   0x0000000000000b64       0x8e Drivers/Src/stm32f407xx.o
 .debug_macro   0x0000000000000bf2       0x51 Drivers/Src/stm32f407xx.o
 .debug_macro   0x0000000000000c43      0x103 Drivers/Src/stm32f407xx.o
 .debug_macro   0x0000000000000d46       0x6a Drivers/Src/stm32f407xx.o
 .debug_macro   0x0000000000000db0      0x1df Drivers/Src/stm32f407xx.o
 .debug_macro   0x0000000000000f8f      0x174 Drivers/Src/stm32f407xx.o
 .debug_macro   0x0000000000001103       0x10 Drivers/Src/stm32f407xx.o
 .debug_macro   0x0000000000001113      0x6ad Drivers/Src/stm32f407xx.o
 .debug_macro   0x00000000000017c0       0x9d Drivers/Src/stm32f407xx_gpio_driver.o
 .debug_macro   0x000000000000185d       0xc4 Drivers/Src/stm32f407xx_gpio_driver.o
 .debug_macro   0x0000000000001921       0x8e Drivers/Src/stm32f407xx_rcc_driver.o
 .debug_macro   0x00000000000019af       0x9d Drivers/Src/stm32f407xx_usart_driver.o
 .debug_macro   0x0000000000001a4c      0x100 Drivers/Src/stm32f407xx_usart_driver.o
 .debug_macro   0x0000000000001b4c      0x17c Src/015UART_tx.o
 .debug_macro   0x0000000000001cc8       0x4c Src/015UART_tx.o
 .debug_macro   0x0000000000001d14       0x18 Src/015UART_tx.o
 .debug_macro   0x0000000000001d2c       0x94 Src/015UART_tx.o
 .debug_macro   0x0000000000001dc0       0x3c Src/015UART_tx.o
 .debug_macro   0x0000000000001dfc       0x34 Src/015UART_tx.o
 .debug_macro   0x0000000000001e30       0x16 Src/015UART_tx.o
 .debug_macro   0x0000000000001e46       0x43 Src/015UART_tx.o
 .debug_macro   0x0000000000001e89       0x57 Src/015UART_tx.o
 .debug_macro   0x0000000000001ee0       0x34 Src/015UART_tx.o
 .debug_macro   0x0000000000001f14       0x10 Src/015UART_tx.o
 .debug_macro   0x0000000000001f24       0x58 Src/015UART_tx.o
 .debug_macro   0x0000000000001f7c       0x71 Src/015UART_tx.o
 .debug_macro   0x0000000000001fed       0x1c Src/015UART_tx.o
 .debug_macro   0x0000000000002009      0x12a Src/015UART_tx.o
 .debug_macro   0x0000000000002133      0x339 Src/015UART_tx.o
 .debug_macro   0x000000000000246c       0x10 Src/015UART_tx.o
 .debug_macro   0x000000000000247c       0x35 Src/015UART_tx.o
 .debug_macro   0x00000000000024b1       0x20 Src/015UART_tx.o

.debug_line     0x0000000000000000     0x219e
 .debug_line    0x0000000000000000      0x3e0 Drivers/Src/stm32f407xx.o
 .debug_line    0x00000000000003e0      0x921 Drivers/Src/stm32f407xx_gpio_driver.o
 .debug_line    0x0000000000000d01      0x4c9 Drivers/Src/stm32f407xx_rcc_driver.o
 .debug_line    0x00000000000011ca      0x960 Drivers/Src/stm32f407xx_usart_driver.o
 .debug_line    0x0000000000001b2a      0x5f0 Src/015UART_tx.o
 .debug_line    0x000000000000211a       0x84 Startup/startup_stm32f407vgtx.o

.debug_str      0x0000000000000000     0x9ba1
 .debug_str     0x0000000000000000     0x5def Drivers/Src/stm32f407xx.o
                                       0x5fe2 (size before relaxing)
 .debug_str     0x0000000000005def      0x482 Drivers/Src/stm32f407xx_gpio_driver.o
                                       0x6464 (size before relaxing)
 .debug_str     0x0000000000006271       0xc1 Drivers/Src/stm32f407xx_rcc_driver.o
                                       0x609d (size before relaxing)
 .debug_str     0x0000000000006332      0x62c Drivers/Src/stm32f407xx_usart_driver.o
                                       0x6668 (size before relaxing)
 .debug_str     0x000000000000695e     0x3212 Src/015UART_tx.o
                                       0x99e7 (size before relaxing)
 .debug_str     0x0000000000009b70       0x31 Startup/startup_stm32f407vgtx.o
                                         0x56 (size before relaxing)

.comment        0x0000000000000000       0x53
 .comment       0x0000000000000000       0x53 Drivers/Src/stm32f407xx.o
                                         0x54 (size before relaxing)
 .comment       0x0000000000000053       0x54 Drivers/Src/stm32f407xx_gpio_driver.o
 .comment       0x0000000000000053       0x54 Drivers/Src/stm32f407xx_rcc_driver.o
 .comment       0x0000000000000053       0x54 Drivers/Src/stm32f407xx_usart_driver.o
 .comment       0x0000000000000053       0x54 Src/015UART_tx.o

.debug_ranges   0x0000000000000000      0x128
 .debug_ranges  0x0000000000000000       0x60 Drivers/Src/stm32f407xx_gpio_driver.o
 .debug_ranges  0x0000000000000060       0x20 Drivers/Src/stm32f407xx_rcc_driver.o
 .debug_ranges  0x0000000000000080       0x68 Drivers/Src/stm32f407xx_usart_driver.o
 .debug_ranges  0x00000000000000e8       0x20 Src/015UART_tx.o
 .debug_ranges  0x0000000000000108       0x20 Startup/startup_stm32f407vgtx.o

.debug_frame    0x0000000000000000      0x4bc
 .debug_frame   0x0000000000000000      0x1c8 Drivers/Src/stm32f407xx_gpio_driver.o
 .debug_frame   0x00000000000001c8       0x7c Drivers/Src/stm32f407xx_rcc_driver.o
 .debug_frame   0x0000000000000244      0x1e0 Drivers/Src/stm32f407xx_usart_driver.o
 .debug_frame   0x0000000000000424       0x6c Src/015UART_tx.o
 .debug_frame   0x0000000000000490       0x2c c:/st/stm32cubeide_1.5.0/stm32cubeide/plugins/com.st.stm32cube.ide.mcu.externaltools.gnu-tools-for-stm32.9-2020-q2-update.win32_1.5.0.202011040924/tools/bin/../lib/gcc/arm-none-eabi/9.3.1/../../../../arm-none-eabi/lib/thumb/v7e-m+fp/hard\libc_nano.a(lib_a-init.o)
